Component: ARM Compiler 5.06 update 7 (build 960) Tool: armlink [4d3601]

==============================================================================

Section Cross References

    sample.o(.text) refers to system_lpc17xx.o(.text) for SystemInit
    sample.o(.text) refers to lib_led.o(.text) for LED_init
    sample.o(.text) refers to lib_button.o(.text) for BUTTON_init
    sample.o(.text) refers to lib_rit.o(.text) for init_RIT
    sample.o(.text) refers to lib_timer.o(.text) for init_timer
    sample.o(.text) refers to lib_adc.o(.text) for ADC_init
    sample.o(.text) refers to glcd.o(.text) for LCD_Initialization
    sample.o(.text) refers to game.o(.text) for GameReset
    game.o(.text) refers to _printf_percent.o(.ARM.Collect$$_printf_percent$$00000000) for _printf_percent
    game.o(.text) refers to _printf_u.o(.ARM.Collect$$_printf_percent$$0000000A) for _printf_u
    game.o(.text) refers to _printf_dec.o(.text) for _printf_int_dec
    game.o(.text) refers to glcd.o(.text) for LCD_DrawLine
    game.o(.text) refers to noretval__2sprintf.o(.text) for __2sprintf
    game.o(.text) refers to dflt_clz.o(x$fpl$dfltu) for __aeabi_ui2d
    game.o(.text) refers to log10.o(i.log10) for log10
    game.o(.text) refers to floor.o(i.floor) for floor
    game.o(.text) refers to dfix.o(x$fpl$dfix) for __aeabi_d2iz
    game.o(.text) refers to lib_timer.o(.text) for disable_timer
    game.o(.text) refers to game.o(.data) for score1
    game.o(.text) refers to game.o(.bss) for paddle1
    asciilib.o(.text) refers to rt_memcpy_v6.o(.text) for __aeabi_memcpy
    asciilib.o(.text) refers to asciilib.o(.constdata) for AsciiLib
    glcd.o(.text) refers to glcd.o(.data) for LCD_Code
    glcd.o(.text) refers to asciilib.o(.text) for GetASCIICode
    hzlib.o(.text) refers to rt_memcpy_v6.o(.text) for __aeabi_memcpy
    hzlib.o(.text) refers to hzlib.o(.constdata) for HzLib
    irq_button.o(.text) refers to lib_rit.o(.text) for enable_RIT
    irq_button.o(.text) refers to game.o(.data) for gameState
    irq_button.o(.text) refers to irq_rit.o(.data) for int0
    irq_rit.o(.text) refers to lib_rit.o(.text) for reset_RIT
    irq_rit.o(.text) refers to game.o(.text) for GameReset
    irq_rit.o(.text) refers to irq_rit.o(.data) for int0
    irq_timer.o(.text) refers to lib_adc.o(.text) for ADC_start_conversion
    irq_timer.o(.text) refers to game.o(.text) for MovePaddle
    irq_timer.o(.text) refers to lib_timer.o(.text) for disable_timer
    irq_timer.o(.text) refers to irq_timer.o(.data) for SinTable
    irq_adc.o(.text) refers to game.o(.text) for SetPaddle1Speed
    irq_adc.o(.text) refers to irq_adc.o(.data) for AD_current
    funct_led.o(.text) refers to funct_led.o(.constdata) for led_mask
    funct_led.o(.text) refers to lib_led.o(.data) for led_value
    lib_led.o(.text) refers to lib_led.o(.data) for led_value
    startup_lpc17xx.o(STACK) refers (Special) to heapauxi.o(.text) for __use_two_region_memory
    startup_lpc17xx.o(HEAP) refers (Special) to heapauxi.o(.text) for __use_two_region_memory
    startup_lpc17xx.o(RESET) refers (Special) to heapauxi.o(.text) for __use_two_region_memory
    startup_lpc17xx.o(RESET) refers to startup_lpc17xx.o(STACK) for __initial_sp
    startup_lpc17xx.o(RESET) refers to startup_lpc17xx.o(.text) for Reset_Handler
    startup_lpc17xx.o(RESET) refers to irq_timer.o(.text) for TIMER0_IRQHandler
    startup_lpc17xx.o(RESET) refers to irq_button.o(.text) for EINT0_IRQHandler
    startup_lpc17xx.o(RESET) refers to irq_adc.o(.text) for ADC_IRQHandler
    startup_lpc17xx.o(RESET) refers to irq_rit.o(.text) for RIT_IRQHandler
    startup_lpc17xx.o(.ARM.__at_0x02FC) refers (Special) to heapauxi.o(.text) for __use_two_region_memory
    startup_lpc17xx.o(.text) refers (Special) to heapauxi.o(.text) for __use_two_region_memory
    startup_lpc17xx.o(.text) refers to __main.o(!!!main) for __main
    startup_lpc17xx.o(.text) refers to startup_lpc17xx.o(HEAP) for Heap_Mem
    startup_lpc17xx.o(.text) refers to startup_lpc17xx.o(STACK) for Stack_Mem
    system_lpc17xx.o(.text) refers to system_lpc17xx.o(.data) for SystemFrequency
    __2sprintf.o(.text) refers to _printf_char_common.o(.text) for _printf_char_common
    __2sprintf.o(.text) refers to _sputc.o(.text) for _sputc
    noretval__2sprintf.o(.text) refers to _printf_char_common.o(.text) for _printf_char_common
    noretval__2sprintf.o(.text) refers to _sputc.o(.text) for _sputc
    __printf.o(.text) refers to _printf_percent.o(.ARM.Collect$$_printf_percent$$00000000) for _printf_percent
    _printf_dec.o(.text) refers to _printf_intcommon.o(.text) for _printf_int_common
    __printf_flags.o(.text) refers to _printf_percent.o(.ARM.Collect$$_printf_percent$$00000000) for _printf_percent
    __printf_flags.o(.text) refers to __printf_flags.o(.constdata) for .constdata
[...]
    log_x.o(i.__log$lsc) refers (Special) to usenofp.o(x$fpl$usenofp) for __I$use$fp
    log_x.o(i.__log$lsc) refers to dunder.o(i.__mathlib_dbl_infnan) for __mathlib_dbl_infnan
    log_x.o(i.__log$lsc) refers to _rserrno.o(.text) for __set_errno
    log_x.o(i.__log$lsc) refers to scalbn.o(x$fpl$scalbn) for __ARM_scalbn
    log_x.o(i.__log$lsc) refers to daddsub_clz.o(x$fpl$dsub) for __aeabi_dsub
    log_x.o(i.__log$lsc) refers to deqf.o(x$fpl$deqf) for __aeabi_cdcmpeq
    log_x.o(i.__log$lsc) refers to dflt_clz.o(x$fpl$dflt) for __aeabi_i2d
    log_x.o(i.__log$lsc) refers to dmul.o(x$fpl$dmul) for __aeabi_dmul
    log_x.o(i.__log$lsc) refers to daddsub_clz.o(x$fpl$dadd) for __aeabi_dadd
    log_x.o(i.__log$lsc) refers to daddsub_clz.o(x$fpl$drsb) for __aeabi_drsub
    log_x.o(i.__log$lsc) refers to ddiv.o(x$fpl$ddiv) for __aeabi_ddiv
    log_x.o(i.__log$lsc) refers to poly.o(i.__kernel_poly) for __kernel_poly
    log_x.o(i.__log$lsc) refers to qnan.o(.constdata) for __mathlib_zero
    log_x.o(i.__log$lsc) refers to log_x.o(.constdata) for .constdata
    log_x.o(.constdata) refers (Special) to usenofp.o(x$fpl$usenofp) for __I$use$fp
    __rtentry2.o(.ARM.Collect$$rtentry$$00000008) refers to boardinit2.o(.text) for _platform_post_stackheap_init
    __rtentry2.o(.ARM.Collect$$rtentry$$0000000A) refers to libinit.o(.ARM.Collect$$libinit$$00000000) for __rt_lib_init
    __rtentry2.o(.ARM.Collect$$rtentry$$0000000B) refers to boardinit3.o(.text) for _platform_post_lib_init
    __rtentry2.o(.ARM.Collect$$rtentry$$0000000D) refers to sample.o(.text) for main
    __rtentry2.o(.ARM.Collect$$rtentry$$0000000D) refers to exit.o(.text) for exit
    __rtentry2.o(.ARM.exidx) refers to __rtentry2.o(.ARM.Collect$$rtentry$$00000001) for .ARM.Collect$$rtentry$$00000001
    __rtentry2.o(.ARM.exidx) refers to __rtentry2.o(.ARM.Collect$$rtentry$$00000008) for .ARM.Collect$$rtentry$$00000008
    __rtentry2.o(.ARM.exidx) refers to __rtentry2.o(.ARM.Collect$$rtentry$$0000000A) for .ARM.Collect$$rtentry$$0000000A
    __rtentry2.o(.ARM.exidx) refers to __rtentry2.o(.ARM.Collect$$rtentry$$0000000B) for .ARM.Collect$$rtentry$$0000000B
    __rtentry2.o(.ARM.exidx) refers to __rtentry2.o(.ARM.Collect$$rtentry$$0000000D) for .ARM.Collect$$rtentry$$0000000D
    __rtentry4.o(.ARM.Collect$$rtentry$$00000004) refers to sys_stackheap_outer.o(.text) for __user_setup_stackheap
    __rtentry4.o(.ARM.exidx) refers to __rtentry4.o(.ARM.Collect$$rtentry$$00000004) for .ARM.Collect$$rtentry$$00000004
    rt_errno_addr.o(.text) refers to rt_errno_addr.o(.bss) for __aeabi_errno_addr_data
    rt_errno_addr_intlibspace.o(.text) refers to libspace.o(.bss) for __libspace_start
    dcheck1.o(x$fpl$dcheck1) refers (Special) to usenofp.o(x$fpl$usenofp) for __I$use$fp
    dcheck1.o(x$fpl$dcheck1) refers to retnan.o(x$fpl$retnan) for __fpl_return_NaN
    ddiv.o(x$fpl$drdiv) refers (Special) to usenofp.o(x$fpl$usenofp) for __I$use$fp
    ddiv.o(x$fpl$drdiv) refers to ddiv.o(x$fpl$ddiv) for ddiv_entry
    ddiv.o(x$fpl$ddiv) refers (Special) to usenofp.o(x$fpl$usenofp) for __I$use$fp
    ddiv.o(x$fpl$ddiv) refers to dretinf.o(x$fpl$dretinf) for __fpl_dretinf
    ddiv.o(x$fpl$ddiv) refers to dnaninf.o(x$fpl$dnaninf) for __fpl_dnaninf
    deqf.o(x$fpl$deqf) refers (Special) to usenofp.o(x$fpl$usenofp) for __I$use$fp
    deqf.o(x$fpl$deqf) refers to dnaninf.o(x$fpl$dnaninf) for __fpl_dnaninf
    deqf.o(x$fpl$deqf) refers to dcmpi.o(x$fpl$dcmpinf) for __fpl_dcmp_Inf
    dleqf.o(x$fpl$dleqf) refers (Special) to usenofp.o(x$fpl$usenofp) for __I$use$fp
    dleqf.o(x$fpl$dleqf) refers to dnaninf.o(x$fpl$dnaninf) for __fpl_dnaninf
    dleqf.o(x$fpl$dleqf) refers to dcmpi.o(x$fpl$dcmpinf) for __fpl_dcmp_Inf
    dretinf.o(x$fpl$dretinf) refers (Special) to usenofp.o(x$fpl$usenofp) for __I$use$fp
    poly.o(i.__kernel_poly) refers (Special) to usenofp.o(x$fpl$usenofp) for __I$use$fp
    poly.o(i.__kernel_poly) refers to dmul.o(x$fpl$dmul) for __aeabi_dmul
    poly.o(i.__kernel_poly) refers to daddsub_clz.o(x$fpl$dadd) for __aeabi_dadd
    qnan.o(.constdata) refers (Special) to usenofp.o(x$fpl$usenofp) for __I$use$fp
    libspace.o(.text) refers to libspace.o(.bss) for __libspace_start
    sys_stackheap_outer.o(.text) refers to libspace.o(.text) for __user_perproc_libspace
    sys_stackheap_outer.o(.text) refers to startup_lpc17xx.o(.text) for __user_initial_stackheap
    exit.o(.text) refers to rtexit.o(.ARM.Collect$$rtexit$$00000000) for __rt_exit
    libinit.o(.ARM.Collect$$libinit$$00000000) refers (Special) to libinit2.o(.ARM.Collect$$libinit$$0000002E) for __rt_lib_init_alloca_1
    libinit.o(.ARM.Collect$$libinit$$00000000) refers (Special) to libinit2.o(.ARM.Collect$$libinit$$0000002C) for __rt_lib_init_argv_1
    libinit.o(.ARM.Collect$$libinit$$00000000) refers (Special) to libinit2.o(.ARM.Collect$$libinit$$0000001B) for __rt_lib_init_atexit_1
    libinit.o(.ARM.Collect$$libinit$$00000000) refers (Special) to libinit2.o(.ARM.Collect$$libinit$$00000021) for __rt_lib_init_clock_1
    libinit.o(.ARM.Collect$$libinit$$00000000) refers (Special) to libinit2.o(.ARM.Collect$$libinit$$00000032) for __rt_lib_init_cpp_1
    libinit.o(.ARM.Collect$$libinit$$00000000) refers (Special) to libinit2.o(.ARM.Collect$$libinit$$00000030) for __rt_lib_init_exceptions_1
    libinit.o(.ARM.Collect$$libinit$$00000000) refers (Special) to libinit2.o(.ARM.Collect$$libinit$$00000002) for __rt_lib_init_fp_1
    libinit.o(.ARM.Collect$$libinit$$00000000) refers (Special) to libinit2.o(.ARM.Collect$$libinit$$0000001F) for __rt_lib_init_fp_trap_1
    libinit.o(.ARM.Collect$$libinit$$00000000) refers (Special) to libinit2.o(.ARM.Collect$$libinit$$00000023) for __rt_lib_init_getenv_1
    libinit.o(.ARM.Collect$$libinit$$00000000) refers (Special) to libinit2.o(.ARM.Collect$$libinit$$0000000A) for __rt_lib_init_heap_1
    libinit.o(.ARM.Collect$$libinit$$00000000) refers (Special) to libinit2.o(.ARM.Collect$$libinit$$00000011) for __rt_lib_init_lc_collate_1
    libinit.o(.ARM.Collect$$libinit$$00000000) refers (Special) to libinit2.o(.ARM.Collect$$libinit$$00000013) for __rt_lib_init_lc_ctype_1
    libinit.o(.ARM.Collect$$libinit$$00000000) refers (Special) to libinit2.o(.ARM.Collect$$libinit$$00000015) for __rt_lib_init_lc_monetary_1
    libinit.o(.ARM.Collect$$libinit$$00000000) refers (Special) to libinit2.o(.ARM.Collect$$libinit$$00000017) for __rt_lib_init_lc_numeric_1
    libinit.o(.ARM.Collect$$libinit$$00000000) refers (Special) to libinit2.o(.ARM.Collect$$libinit$$00000019) for __rt_lib_init_lc_time_1
    libinit.o(.ARM.Collect$$libinit$$00000000) refers (Special) to libinit2.o(.ARM.Collect$$libinit$$00000004) for __rt_lib_init_preinit_1
    libinit.o(.ARM.Collect$$libinit$$00000000) refers (Special) to libinit2.o(.ARM.Collect$$libinit$$0000000E) for __rt_lib_init_rand_1
    libinit.o(.ARM.Collect$$libinit$$00000000) refers (Special) to libinit2.o(.ARM.Collect$$libinit$$00000033) for __rt_lib_init_return
    libinit.o(.ARM.Collect$$libinit$$00000000) refers (Special) to libinit2.o(.ARM.Collect$$libinit$$0000001D) for __rt_lib_init_signal_1
    libinit.o(.ARM.Collect$$libinit$$00000000) refers (Special) to libinit2.o(.ARM.Collect$$libinit$$00000025) for __rt_lib_init_stdio_1
    libinit.o(.ARM.Collect$$libinit$$00000000) refers (Special) to libinit2.o(.ARM.Collect$$libinit$$0000000C) for __rt_lib_init_user_alloc_1
    dcmpi.o(x$fpl$dcmpinf) refers (Special) to usenofp.o(x$fpl$usenofp) for __I$use$fp
    retnan.o(x$fpl$retnan) refers (Special) to usenofp.o(x$fpl$usenofp) for __I$use$fp
    retnan.o(x$fpl$retnan) refers to trapv.o(x$fpl$trapveneer) for __fpl_cmpreturn
    rtexit.o(.ARM.Collect$$rtexit$$00000000) refers (Special) to rtexit2.o(.ARM.Collect$$rtexit$$00000004) for __rt_exit_exit
    rtexit.o(.ARM.Collect$$rtexit$$00000000) refers (Special) to rtexit2.o(.ARM.Collect$$rtexit$$00000003) for __rt_exit_ls
    rtexit.o(.ARM.Collect$$rtexit$$00000000) refers (Special) to rtexit2.o(.ARM.Collect$$rtexit$$00000002) for __rt_exit_prels_1
    rtexit.o(.ARM.exidx) refers (Special) to rtexit2.o(.ARM.Collect$$rtexit$$00000004) for __rt_exit_exit
    rtexit.o(.ARM.exidx) refers (Special) to rtexit2.o(.ARM.Collect$$rtexit$$00000003) for __rt_exit_ls
    rtexit.o(.ARM.exidx) refers (Special) to rtexit2.o(.ARM.Collect$$rtexit$$00000002) for __rt_exit_prels_1
    rtexit.o(.ARM.exidx) refers to rtexit.o(.ARM.Collect$$rtexit$$00000000) for .ARM.Collect$$rtexit$$00000000
    libinit2.o(.ARM.Collect$$libinit$$00000010) refers to libinit2.o(.ARM.Collect$$libinit$$0000000F) for .ARM.Collect$$libinit$$0000000F
    libinit2.o(.ARM.Collect$$libinit$$00000012) refers to libinit2.o(.ARM.Collect$$libinit$$0000000F) for .ARM.Collect$$libinit$$0000000F
    libinit2.o(.ARM.Collect$$libinit$$00000014) refers to libinit2.o(.ARM.Collect$$libinit$$0000000F) for .ARM.Collect$$libinit$$0000000F
    libinit2.o(.ARM.Collect$$libinit$$00000016) refers to libinit2.o(.ARM.Collect$$libinit$$0000000F) for .ARM.Collect$$libinit$$0000000F
    libinit2.o(.ARM.Collect$$libinit$$00000018) refers to libinit2.o(.ARM.Collect$$libinit$$0000000F) for .ARM.Collect$$libinit$$0000000F
    libinit2.o(.ARM.Collect$$libinit$$00000026) refers to argv_veneer.o(.emb_text) for __ARM_argv_veneer
    libinit2.o(.ARM.Collect$$libinit$$00000027) refers to argv_veneer.o(.emb_text) for __ARM_argv_veneer
    trapv.o(x$fpl$trapveneer) refers (Special) to usenofp.o(x$fpl$usenofp) for __I$use$fp
    rtexit2.o(.ARM.Collect$$rtexit$$00000003) refers to libshutdown.o(.ARM.Collect$$libshutdown$$00000000) for __rt_lib_shutdown
    rtexit2.o(.ARM.Collect$$rtexit$$00000004) refers to sys_exit.o(.text) for _sys_exit
    rtexit2.o(.ARM.exidx) refers to rtexit2.o(.ARM.Collect$$rtexit$$00000001) for .ARM.Collect$$rtexit$$00000001
    rtexit2.o(.ARM.exidx) refers to rtexit2.o(.ARM.Collect$$rtexit$$00000003) for .ARM.Collect$$rtexit$$00000003
    rtexit2.o(.ARM.exidx) refers to rtexit2.o(.ARM.Collect$$rtexit$$00000004) for .ARM.Collect$$rtexit$$00000004
    argv_veneer.o(.emb_text) refers to no_argv.o(.text) for __ARM_get_argv
    sys_exit.o(.text) refers (Special) to use_no_semi.o(.text) for __I$use$semihosting
    sys_exit.o(.text) refers (Special) to indicate_semi.o(.text) for __semihosting_library_function
    _get_argv_nomalloc.o(.text) refers (Special) to hrguard.o(.text) for __heap_region$guard
    _get_argv_nomalloc.o(.text) refers to defsig_rtmem_outer.o(.text) for __rt_SIGRTMEM
    _get_argv_nomalloc.o(.text) refers to sys_command.o(.text) for _sys_command_string
    libshutdown.o(.ARM.Collect$$libshutdown$$00000000) refers (Special) to libshutdown2.o(.ARM.Collect$$libshutdown$$00000004) for __rt_lib_shutdown_cpp_1
    libshutdown.o(.ARM.Collect$$libshutdown$$00000000) refers (Special) to libshutdown2.o(.ARM.Collect$$libshutdown$$00000002) for __rt_lib_shutdown_fini_1
    libshutdown.o(.ARM.Collect$$libshutdown$$00000000) refers (Special) to libshutdown2.o(.ARM.Collect$$libshutdown$$00000009) for __rt_lib_shutdown_fp_trap_1
    libshutdown.o(.ARM.Collect$$libshutdown$$00000000) refers (Special) to libshutdown2.o(.ARM.Collect$$libshutdown$$00000011) for __rt_lib_shutdown_heap_1
    libshutdown.o(.ARM.Collect$$libshutdown$$00000000) refers (Special) to libshutdown2.o(.ARM.Collect$$libshutdown$$00000012) for __rt_lib_shutdown_return
    libshutdown.o(.ARM.Collect$$libshutdown$$00000000) refers (Special) to libshutdown2.o(.ARM.Collect$$libshutdown$$0000000C) for __rt_lib_shutdown_signal_1
    libshutdown.o(.ARM.Collect$$libshutdown$$00000000) refers (Special) to libshutdown2.o(.ARM.Collect$$libshutdown$$00000006) for __rt_lib_shutdown_stdio_1
    libshutdown.o(.ARM.Collect$$libshutdown$$00000000) refers (Special) to libshutdown2.o(.ARM.Collect$$libshutdown$$0000000E) for __rt_lib_shutdown_user_alloc_1
    sys_command.o(.text) refers (Special) to use_no_semi.o(.text) for __I$use$semihosting
    sys_command.o(.text) refers (Special) to indicate_semi.o(.text) for __semihosting_library_function
    defsig_rtmem_outer.o(.text) refers to defsig_rtmem_inner.o(.text) for __rt_SIGRTMEM_inner
    defsig_rtmem_outer.o(.text) refers to defsig_exit.o(.text) for __sig_exit
    defsig_rtmem_formal.o(.text) refers to rt_raise.o(.text) for __rt_raise
    rt_raise.o(.text) refers to __raise.o(.text) for __raise
    rt_raise.o(.text) refers to sys_exit.o(.text) for _sys_exit
    defsig_exit.o(.text) refers to sys_exit.o(.text) for _sys_exit
    defsig_rtmem_inner.o(.text) refers to defsig_general.o(.text) for __default_signal_display
    __raise.o(.text) refers to defsig.o(CL$$defsig) for __default_signal_handler
    defsig_general.o(.text) refers to sys_wrch.o(.text) for _ttywrch
    sys_wrch.o(.text) refers (Special) to use_no_semi.o(.text) for __I$use$semihosting
    sys_wrch.o(.text) refers (Special) to indicate_semi.o(.text) for __semihosting_library_function
    defsig.o(CL$$defsig) refers to defsig_rtmem_inner.o(.text) for __rt_SIGRTMEM_inner
    defsig_abrt_inner.o(.text) refers to defsig_general.o(.text) for __default_signal_display
    defsig_fpe_inner.o(.text) refers to defsig_general.o(.text) for __default_signal_display
    defsig_rtred_inner.o(.text) refers to defsig_general.o(.text) for __default_signal_display
    defsig_stak_inner.o(.text) refers to defsig_general.o(.text) for __default_signal_display
    defsig_pvfn_inner.o(.text) refers to defsig_general.o(.text) for __default_signal_display
    defsig_cppl_inner.o(.text) refers to defsig_general.o(.text) for __default_signal_display
    defsig_segv_inner.o(.text) refers to defsig_general.o(.text) for __default_signal_display
    defsig_other.o(.text) refers to defsig_general.o(.text) for __default_signal_display


==============================================================================

Removing Unused input sections from the image.

    Removing sample.o(.rev16_text), (4 bytes).
    Removing sample.o(.revsh_text), (4 bytes).
    Removing sample.o(.rrx_text), (6 bytes).
    Removing game.o(.rev16_text), (4 bytes).
    Removing game.o(.revsh_text), (4 bytes).
    Removing game.o(.rrx_text), (6 bytes).
    Removing glcd.o(.rev16_text), (4 bytes).
    Removing glcd.o(.revsh_text), (4 bytes).
    Removing glcd.o(.rrx_text), (6 bytes).
    Removing hzlib.o(.text), (52 bytes).
    Removing hzlib.o(.constdata), (216576 bytes).
    Removing irq_button.o(.rev16_text), (4 bytes).
    Removing irq_button.o(.revsh_text), (4 bytes).
    Removing irq_button.o(.rrx_text), (6 bytes).
    Removing lib_button.o(.rev16_text), (4 bytes).
    Removing lib_button.o(.revsh_text), (4 bytes).
    Removing lib_button.o(.rrx_text), (6 bytes).
    Removing irq_rit.o(.rev16_text), (4 bytes).
    Removing irq_rit.o(.revsh_text), (4 bytes).
    Removing irq_rit.o(.rrx_text), (6 bytes).
    Removing lib_rit.o(.rev16_text), (4 bytes).
    Removing lib_rit.o(.revsh_text), (4 bytes).
    Removing lib_rit.o(.rrx_text), (6 bytes).
    Removing irq_timer.o(.rev16_text), (4 bytes).
    Removing irq_timer.o(.revsh_text), (4 bytes).
    Removing irq_timer.o(.rrx_text), (6 bytes).
    Removing lib_timer.o(.rev16_text), (4 bytes).
    Removing lib_timer.o(.revsh_text), (4 bytes).
    Removing lib_timer.o(.rrx_text), (6 bytes).
    Removing irq_adc.o(.rev16_text), (4 bytes).
    Removing irq_adc.o(.revsh_text), (4 bytes).
    Removing irq_adc.o(.rrx_text), (6 bytes).
    Removing lib_adc.o(.rev16_text), (4 bytes).
    Removing lib_adc.o(.revsh_text), (4 bytes).
    Removing lib_adc.o(.rrx_text), (6 bytes).
    Removing funct_led.o(.rev16_text), (4 bytes).
    Removing funct_led.o(.revsh_text), (4 bytes).
    Removing funct_led.o(.rrx_text), (6 bytes).
    Removing funct_led.o(.text), (108 bytes).
    Removing funct_led.o(.constdata), (32 bytes).
    Removing lib_led.o(.rev16_text), (4 bytes).
    Removing lib_led.o(.revsh_text), (4 bytes).
    Removing lib_led.o(.rrx_text), (6 bytes).
    Removing core_cm3.o(.emb_text), (32 bytes).
    Removing system_lpc17xx.o(.rev16_text), (4 bytes).
    Removing system_lpc17xx.o(.revsh_text), (4 bytes).
    Removing system_lpc17xx.o(.rrx_text), (6 bytes).

47 unused section(s) (total 216996 bytes) removed from the image.

==============================================================================

Image Symbol Table

    Local Symbols

    Symbol Name                              Value     Ov Type        Size  Object(Section)

    RESET                                    0x00000000   Section      204  startup_lpc17xx.o(RESET)
    ../clib/angel/boardlib.s                 0x00000000   Number         0  boardinit3.o ABSOLUTE
    ../clib/angel/boardlib.s                 0x00000000   Number         0  boardshut.o ABSOLUTE
    ../clib/angel/boardlib.s                 0x00000000   Number         0  boardinit1.o ABSOLUTE
    ../clib/angel/boardlib.s                 0x00000000   Number         0  boardinit2.o ABSOLUTE
    ../clib/angel/handlers.s                 0x00000000   Number         0  __scatter_zi.o ABSOLUTE
    ../clib/angel/handlers.s                 0x00000000   Number         0  __scatter_copy.o ABSOLUTE
    ../clib/angel/kernel.s                   0x00000000   Number         0  __rtentry2.o ABSOLUTE
    ../clib/angel/kernel.s                   0x00000000   Number         0  __rtentry4.o ABSOLUTE
    ../clib/angel/kernel.s                   0x00000000   Number         0  rtexit.o ABSOLUTE
    ../clib/angel/kernel.s                   0x00000000   Number         0  __rtentry.o ABSOLUTE
    ../clib/angel/kernel.s                   0x00000000   Number         0  rtexit2.o ABSOLUTE
    ../clib/angel/rt.s                       0x00000000   Number         0  rt_errno_addr_intlibspace.o ABSOLUTE
    ../clib/angel/rt.s                       0x00000000   Number         0  rt_errno_addr.o ABSOLUTE
    ../clib/angel/rt.s                       0x00000000   Number         0  rt_raise.o ABSOLUTE
    ../clib/angel/scatter.s                  0x00000000   Number         0  __scatter.o ABSOLUTE
    ../clib/angel/startup.s                  0x00000000   Number         0  __main.o ABSOLUTE
    ../clib/angel/sys.s                      0x00000000   Number         0  sys_stackheap_outer.o ABSOLUTE
    ../clib/angel/sys.s                      0x00000000   Number         0  use_no_semi.o ABSOLUTE
    ../clib/angel/sys.s                      0x00000000   Number         0  libspace.o ABSOLUTE
    ../clib/angel/sys.s                      0x00000000   Number         0  indicate_semi.o ABSOLUTE
    ../clib/angel/sysapp.c                   0x00000000   Number         0  sys_wrch.o ABSOLUTE
    ../clib/angel/sysapp.c                   0x00000000   Number         0  sys_command.o ABSOLUTE
    ../clib/angel/sysapp.c                   0x00000000   Number         0  sys_exit.o ABSOLUTE
    ../clib/armsys.c                         0x00000000   Number         0  argv_veneer.o ABSOLUTE
    ../clib/armsys.c                         0x00000000   Number         0  no_argv.o ABSOLUTE
    ../clib/armsys.c                         0x00000000   Number         0  _get_argv_nomalloc.o ABSOLUTE
    ../clib/armsys.c                         0x00000000   Number         0  argv_veneer.o ABSOLUTE
    ../clib/fenv.c                           0x00000000   Number         0  _rserrno.o ABSOLUTE
    ../clib/heapalloc.c                      0x00000000   Number         0  hrguard.o ABSOLUTE
    ../clib/heapaux.c                        0x00000000   Number         0  heapauxi.o ABSOLUTE
    ../clib/libinit.s                        0x00000000   Number         0  libinit.o ABSOLUTE
    ../clib/libinit.s                        0x00000000   Number         0  libshutdown2.o ABSOLUTE
    ../clib/libinit.s                        0x00000000   Number         0  libshutdown.o ABSOLUTE
    ../clib/libinit.s                        0x00000000   Number         0  libinit2.o ABSOLUTE
    ../clib/memcpset.s                       0x00000000   Number         0  rt_memcpy_w.o ABSOLUTE
    ../clib/memcpset.s                       0x00000000   Number         0  rt_memcpy_v6.o ABSOLUTE
    ../clib/printf.c                         0x00000000   Number         0  _sputc.o ABSOLUTE
    ../clib/printf.c                         0x00000000   Number         0  __printf_flags_ss.o ABSOLUTE
    ../clib/printf.c                         0x00000000   Number         0  __printf_ss.o ABSOLUTE
    ../clib/printf.c                         0x00000000   Number         0  __printf_flags.o ABSOLUTE
    ../clib/printf.c                         0x00000000   Number         0  _printf_dec.o ABSOLUTE
    ../clib/printf.c                         0x00000000   Number         0  __printf_nopercent.o ABSOLUTE
    ../clib/printf.c                         0x00000000   Number         0  __printf_wp.o ABSOLUTE
    ../clib/printf.c                         0x00000000   Number         0  __printf_flags_ss_wp.o ABSOLUTE
    ../clib/printf.c                         0x00000000   Number         0  __printf_ss_wp.o ABSOLUTE
    ../clib/printf.c                         0x00000000   Number         0  __printf_flags_wp.o ABSOLUTE
    ../clib/printf.c                         0x00000000   Number         0  __2sprintf.o ABSOLUTE
    ../clib/printf.c                         0x00000000   Number         0  noretval__2sprintf.o ABSOLUTE
    ../clib/printf.c                         0x00000000   Number         0  __printf.o ABSOLUTE
    ../clib/printf.c                         0x00000000   Number         0  _printf_intcommon.o ABSOLUTE
    ../clib/printf.c                         0x00000000   Number         0  _printf_char_common.o ABSOLUTE
    ../clib/printf_percent.s                 0x00000000   Number         0  _printf_percent_end.o ABSOLUTE
    ../clib/printf_percent.s                 0x00000000   Number         0  _printf_percent.o ABSOLUTE
    ../clib/printf_percent.s                 0x00000000   Number         0  _printf_u.o ABSOLUTE
    ../clib/signal.c                         0x00000000   Number         0  defsig_rtmem_outer.o ABSOLUTE
    ../clib/signal.c                         0x00000000   Number         0  defsig_rtred_inner.o ABSOLUTE
    ../clib/signal.c                         0x00000000   Number         0  defsig_stak_inner.o ABSOLUTE
    ../clib/signal.c                         0x00000000   Number         0  __raise.o ABSOLUTE
    ../clib/signal.c                         0x00000000   Number         0  defsig_pvfn_inner.o ABSOLUTE
    ../clib/signal.c                         0x00000000   Number         0  defsig_exit.o ABSOLUTE
    ../clib/signal.c                         0x00000000   Number         0  defsig_cppl_inner.o ABSOLUTE
    ../clib/signal.c                         0x00000000   Number         0  defsig_segv_inner.o ABSOLUTE
    ../clib/signal.c                         0x00000000   Number         0  defsig_rtmem_inner.o ABSOLUTE
    ../clib/signal.c                         0x00000000   Number         0  defsig_general.o ABSOLUTE
    ../clib/signal.c                         0x00000000   Number         0  defsig_other.o ABSOLUTE
    ../clib/signal.c                         0x00000000   Number         0  defsig_abrt_inner.o ABSOLUTE
    ../clib/signal.c                         0x00000000   Number         0  defsig_fpe_inner.o ABSOLUTE
    ../clib/signal.c                         0x00000000   Number         0  defsig_rtmem_formal.o ABSOLUTE
    ../clib/signal.s                         0x00000000   Number         0  defsig.o ABSOLUTE
    ../clib/stdlib.c                         0x00000000   Number         0  exit.o ABSOLUTE
    ../fplib/daddsub.s                       0x00000000   Number         0  daddsub_clz.o ABSOLUTE
    ../fplib/dcheck1.s                       0x00000000   Number         0  dcheck1.o ABSOLUTE
    ../fplib/dcmpi.s                         0x00000000   Number         0  dcmpi.o ABSOLUTE
    ../fplib/ddiv.s                          0x00000000   Number         0  ddiv.o ABSOLUTE
    ../fplib/deqf.s                          0x00000000   Number         0  deqf.o ABSOLUTE
    ../fplib/dfix.s                          0x00000000   Number         0  dfix.o ABSOLUTE
    ../fplib/dflt.s                          0x00000000   Number         0  dflt_clz.o ABSOLUTE
    ../fplib/dleqf.s                         0x00000000   Number         0  dleqf.o ABSOLUTE
    ../fplib/dmul.s                          0x00000000   Number         0  dmul.o ABSOLUTE
    ../fplib/dnaninf.s                       0x00000000   Number         0  dnaninf.o ABSOLUTE
    ../fplib/dretinf.s                       0x00000000   Number         0  dretinf.o ABSOLUTE
    ../fplib/drleqf.s                        0x00000000   Number         0  drleqf.o ABSOLUTE
    ../fplib/fpinit.s                        0x00000000   Number         0  fpinit.o ABSOLUTE
    ../fplib/retnan.s                        0x00000000   Number         0  retnan.o ABSOLUTE
    ../fplib/scalbn.s                        0x00000000   Number         0  scalbn.o ABSOLUTE
    ../fplib/trapv.s                         0x00000000   Number         0  trapv.o ABSOLUTE
    ../fplib/usenofp.s                       0x00000000   Number         0  usenofp.o ABSOLUTE
    ../mathlib/dunder.c                      0x00000000   Number         0  dunder.o ABSOLUTE
    ../mathlib/floor.c                       0x00000000   Number         0  floor.o ABSOLUTE
    ../mathlib/log.c                         0x00000000   Number         0  log.o ABSOLUTE
    ../mathlib/log.c                         0x00000000   Number         0  log_x.o ABSOLUTE
    ../mathlib/log10.c                       0x00000000   Number         0  log10_x.o ABSOLUTE
    ../mathlib/log10.c                       0x00000000   Number         0  log10.o ABSOLUTE
    ../mathlib/poly.c                        0x00000000   Number         0  poly.o ABSOLUTE
    ../mathlib/qnan.c                        0x00000000   Number         0  qnan.o ABSOLUTE
    GLCD\AsciiLib.c                          0x00000000   Number         0  asciilib.o ABSOLUTE
    GLCD\GLCD.c                              0x00000000   Number         0  glcd.o ABSOLUTE
    GLCD\HzLib.c                             0x00000000   Number         0  hzlib.o ABSOLUTE
    GLCD\\GLCD.c                             0x00000000   Number         0  glcd.o ABSOLUTE
    RIT\IRQ_RIT.c                            0x00000000   Number         0  irq_rit.o ABSOLUTE
    RIT\\IRQ_RIT.c                           0x00000000   Number         0  irq_rit.o ABSOLUTE
    RIT\\lib_RIT.c                           0x00000000   Number         0  lib_rit.o ABSOLUTE
    RIT\lib_RIT.c                            0x00000000   Number         0  lib_rit.o ABSOLUTE
    adc\IRQ_adc.c                            0x00000000   Number         0  irq_adc.o ABSOLUTE
    adc\\IRQ_adc.c                           0x00000000   Number         0  irq_adc.o ABSOLUTE
    adc\\lib_adc.c                           0x00000000   Number         0  lib_adc.o ABSOLUTE
    adc\lib_adc.c                            0x00000000   Number         0  lib_adc.o ABSOLUTE
    button_EXINT\IRQ_button.c                0x00000000   Number         0  irq_button.o ABSOLUTE
    button_EXINT\\IRQ_button.c               0x00000000   Number         0  irq_button.o ABSOLUTE
    button_EXINT\\lib_button.c               0x00000000   Number         0  lib_button.o ABSOLUTE
    button_EXINT\lib_button.c                0x00000000   Number         0  lib_button.o ABSOLUTE
    core_cm3.c                               0x00000000   Number         0  core_cm3.o ABSOLUTE
    core_cm3.c                               0x00000000   Number         0  core_cm3.o ABSOLUTE
    dc.s                                     0x00000000   Number         0  dc.o ABSOLUTE
    game\\game.c                             0x00000000   Number         0  game.o ABSOLUTE
    game\game.c                              0x00000000   Number         0  game.o ABSOLUTE
    led\\funct_led.c                         0x00000000   Number         0  funct_led.o ABSOLUTE
    led\\lib_led.c                           0x00000000   Number         0  lib_led.o ABSOLUTE
    led\funct_led.c                          0x00000000   Number         0  funct_led.o ABSOLUTE
    led\lib_led.c                            0x00000000   Number         0  lib_led.o ABSOLUTE
    sample.c                                 0x00000000   Number         0  sample.o ABSOLUTE
    sample.c                                 0x00000000   Number         0  sample.o ABSOLUTE
    startup_LPC17xx.s                        0x00000000   Number         0  startup_lpc17xx.o ABSOLUTE
    system_LPC17xx.c                         0x00000000   Number         0  system_lpc17xx.o ABSOLUTE
    system_LPC17xx.c                         0x00000000   Number         0  system_lpc17xx.o ABSOLUTE
    timer\IRQ_timer.c                        0x00000000   Number         0  irq_timer.o ABSOLUTE
    timer\\IRQ_timer.c                       0x00000000   Number         0  irq_timer.o ABSOLUTE
    timer\\lib_timer.c                       0x00000000   Number         0  lib_timer.o ABSOLUTE
    timer\lib_timer.c                        0x00000000   Number         0  lib_timer.o ABSOLUTE
    !!!main                                  0x000000cc   Section        8  __main.o(!!!main)
    !!!scatter                               0x000000d4   Section       52  __scatter.o(!!!scatter)
    !!handler_copy                           0x00000108   Section       26  __scatter_copy.o(!!handler_copy)
    !!handler_zi                             0x00000124   Section       28  __scatter_zi.o(!!handler_zi)
    .ARM.Collect$$_printf_percent$$00000000  0x00000140   Section        0  _printf_percent.o(.ARM.Collect$$_printf_percent$$00000000)
    .ARM.Collect$$_printf_percent$$0000000A  0x00000140   Section        6  _printf_u.o(.ARM.Collect$$_printf_percent$$0000000A)
    .ARM.Collect$$_printf_percent$$00000017  0x00000146   Section        4  _printf_percent_end.o(.ARM.Collect$$_printf_percent$$00000017)
    .ARM.Collect$$libinit$$00000000          0x0000014a   Section        2  libinit.o(.ARM.Collect$$libinit$$00000000)
    .ARM.Collect$$libinit$$00000002          0x0000014c   Section        0  libinit2.o(.ARM.Collect$$libinit$$00000002)
    .ARM.Collect$$libinit$$00000004          0x0000014c   Section        0  libinit2.o(.ARM.Collect$$libinit$$00000004)
    .ARM.Collect$$libinit$$0000000A          0x0000014c   Section        0  libinit2.o(.ARM.Collect$$libinit$$0000000A)
    .ARM.Collect$$libinit$$0000000C          0x0000014c   Section        0  libinit2.o(.ARM.Collect$$libinit$$0000000C)
    .ARM.Collect$$libinit$$0000000E          0x0000014c   Section        0  libinit2.o(.ARM.Collect$$libinit$$0000000E)
    .ARM.Collect$$libinit$$00000011          0x0000014c   Section        0  libinit2.o(.ARM.Collect$$libinit$$00000011)
    .ARM.Collect$$libinit$$00000013          0x0000014c   Section        0  libinit2.o(.ARM.Collect$$libinit$$00000013)
    .ARM.Collect$$libinit$$00000015          0x0000014c   Section        0  libinit2.o(.ARM.Collect$$libinit$$00000015)
    .ARM.Collect$$libinit$$00000017          0x0000014c   Section        0  libinit2.o(.ARM.Collect$$libinit$$00000017)
    .ARM.Collect$$libinit$$00000019          0x0000014c   Section        0  libinit2.o(.ARM.Collect$$libinit$$00000019)
    .ARM.Collect$$libinit$$0000001B          0x0000014c   Section        0  libinit2.o(.ARM.Collect$$libinit$$0000001B)
    .ARM.Collect$$libinit$$0000001D          0x0000014c   Section        0  libinit2.o(.ARM.Collect$$libinit$$0000001D)
    .ARM.Collect$$libinit$$0000001F          0x0000014c   Section        0  libinit2.o(.ARM.Collect$$libinit$$0000001F)
    .ARM.Collect$$libinit$$00000021          0x0000014c   Section        0  libinit2.o(.ARM.Collect$$libinit$$00000021)
    .ARM.Collect$$libinit$$00000023          0x0000014c   Section        0  libinit2.o(.ARM.Collect$$libinit$$00000023)
    .ARM.Collect$$libinit$$00000025          0x0000014c   Section        0  libinit2.o(.ARM.Collect$$libinit$$00000025)
    .ARM.Collect$$libinit$$0000002C          0x0000014c   Section        0  libinit2.o(.ARM.Collect$$libinit$$0000002C)
    .ARM.Collect$$libinit$$0000002E          0x0000014c   Section        0  libinit2.o(.ARM.Collect$$libinit$$0000002E)
    .ARM.Collect$$libinit$$00000030          0x0000014c   Section        0  libinit2.o(.ARM.Collect$$libinit$$00000030)
    .ARM.Collect$$libinit$$00000032          0x0000014c   Section        0  libinit2.o(.ARM.Collect$$libinit$$00000032)
    .ARM.Collect$$libinit$$00000033          0x0000014c   Section        2  libinit2.o(.ARM.Collect$$libinit$$00000033)
    .ARM.Collect$$libshutdown$$00000000      0x0000014e   Section        2  libshutdown.o(.ARM.Collect$$libshutdown$$00000000)
    .ARM.Collect$$libshutdown$$00000002      0x00000150   Section        0  libshutdown2.o(.ARM.Collect$$libshutdown$$00000002)
    .ARM.Collect$$libshutdown$$00000004      0x00000150   Section        0  libshutdown2.o(.ARM.Collect$$libshutdown$$00000004)
    .ARM.Collect$$libshutdown$$00000006      0x00000150   Section        0  libshutdown2.o(.ARM.Collect$$libshutdown$$00000006)
    .ARM.Collect$$libshutdown$$00000009      0x00000150   Section        0  libshutdown2.o(.ARM.Collect$$libshutdown$$00000009)
    .ARM.Collect$$libshutdown$$0000000C      0x00000150   Section        0  libshutdown2.o(.ARM.Collect$$libshutdown$$0000000C)
    .ARM.Collect$$libshutdown$$0000000E      0x00000150   Section        0  libshutdown2.o(.ARM.Collect$$libshutdown$$0000000E)
    .ARM.Collect$$libshutdown$$00000011      0x00000150   Section        0  libshutdown2.o(.ARM.Collect$$libshutdown$$00000011)
    .ARM.Collect$$libshutdown$$00000012      0x00000150   Section        2  libshutdown2.o(.ARM.Collect$$libshutdown$$00000012)
    .ARM.Collect$$rtentry$$00000000          0x00000152   Section        0  __rtentry.o(.ARM.Collect$$rtentry$$00000000)
    .ARM.Collect$$rtentry$$00000002          0x00000152   Section        0  __rtentry2.o(.ARM.Collect$$rtentry$$00000002)
    .ARM.Collect$$rtentry$$00000004          0x00000152   Section        6  __rtentry4.o(.ARM.Collect$$rtentry$$00000004)
    .ARM.Collect$$rtentry$$00000009          0x00000158   Section        0  __rtentry2.o(.ARM.Collect$$rtentry$$00000009)
    .ARM.Collect$$rtentry$$0000000A          0x00000158   Section        4  __rtentry2.o(.ARM.Collect$$rtentry$$0000000A)
    .ARM.Collect$$rtentry$$0000000C          0x0000015c   Section        0  __rtentry2.o(.ARM.Collect$$rtentry$$0000000C)
    .ARM.Collect$$rtentry$$0000000D          0x0000015c   Section        8  __rtentry2.o(.ARM.Collect$$rtentry$$0000000D)
    .ARM.Collect$$rtexit$$00000000           0x00000164   Section        2  rtexit.o(.ARM.Collect$$rtexit$$00000000)
    .ARM.Collect$$rtexit$$00000002           0x00000166   Section        0  rtexit2.o(.ARM.Collect$$rtexit$$00000002)
    .ARM.Collect$$rtexit$$00000003           0x00000166   Section        4  rtexit2.o(.ARM.Collect$$rtexit$$00000003)
    .ARM.Collect$$rtexit$$00000004           0x0000016a   Section        6  rtexit2.o(.ARM.Collect$$rtexit$$00000004)
    .text                                    0x00000170   Section        0  sample.o(.text)
    .text                                    0x000001f0   Section        0  asciilib.o(.text)
    .text                                    0x00000210   Section        0  irq_button.o(.text)
    __NVIC_DisableIRQ                        0x00000211   Thumb Code    30  irq_button.o(.text)
    .text                                    0x000002f4   Section        0  heapauxi.o(.text)
    .text                                    0x000002fa   Section        2  use_no_semi.o(.text)
    .ARM.__at_0x02FC                         0x000002fc   Section        4  startup_lpc17xx.o(.ARM.__at_0x02FC)
    .text                                    0x00000300   Section        0  game.o(.text)
    .text                                    0x00000fb4   Section        0  glcd.o(.text)
    LCD_Configuration                        0x00000fb5   Thumb Code    20  glcd.o(.text)
    wait_delay                               0x00000fc9   Thumb Code    12  glcd.o(.text)
    LCD_SetCursor                            0x00000fd5   Thumb Code  1356  glcd.o(.text)
    delay_ms                                 0x00001521   Thumb Code    30  glcd.o(.text)
    LCD_BGR2RGB                              0x00004a1d   Thumb Code    26  glcd.o(.text)
    .text                                    0x00005150   Section        0  lib_button.o(.text)
    __NVIC_EnableIRQ                         0x00005151   Thumb Code    34  lib_button.o(.text)
    __NVIC_SetPriority                       0x00005173   Thumb Code    32  lib_button.o(.text)
    .text                                    0x00005224   Section        0  irq_rit.o(.text)
    __NVIC_EnableIRQ                         0x00005225   Thumb Code    34  irq_rit.o(.text)
    .text                                    0x00005380   Section        0  lib_rit.o(.text)
    .text                                    0x00005414   Section        0  irq_timer.o(.text)
    .text                                    0x0000547c   Section        0  lib_timer.o(.text)
    __NVIC_EnableIRQ                         0x0000547d   Thumb Code    34  lib_timer.o(.text)
    .text                                    0x00005524   Section        0  irq_adc.o(.text)
    .text                                    0x000055d0   Section        0  lib_adc.o(.text)
    .text                                    0x0000563c   Section        0  lib_led.o(.text)
    .text                                    0x0000567c   Section       52  startup_lpc17xx.o(.text)
    .text                                    0x000056b0   Section        0  system_lpc17xx.o(.text)
    .text                                    0x000058fc   Section        0  noretval__2sprintf.o(.text)
    .text                                    0x00005924   Section        0  __printf.o(.text)
    .text                                    0x0000598c   Section        0  _printf_dec.o(.text)
    .text                                    0x00005a04   Section      138  rt_memcpy_v6.o(.text)
    .text                                    0x00005a8e   Section        0  _rserrno.o(.text)
    .text                                    0x00005aa4   Section        0  _printf_intcommon.o(.text)
    .text                                    0x00005b58   Section        0  _printf_char_common.o(.text)
    _printf_input_char                       0x00005b59   Thumb Code    10  _printf_char_common.o(.text)
    .text                                    0x00005b88   Section        0  _sputc.o(.text)
    .text                                    0x00005b92   Section      100  rt_memcpy_w.o(.text)
    .text                                    0x00005bf8   Section        8  rt_errno_addr_intlibspace.o(.text)
    .text                                    0x00005c00   Section        8  libspace.o(.text)
    .text                                    0x00005c08   Section       74  sys_stackheap_outer.o(.text)
    .text                                    0x00005c52   Section        0  exit.o(.text)
    .text                                    0x00005c64   Section        0  sys_exit.o(.text)
    .text                                    0x00005c70   Section        0  indicate_semi.o(.text)
    i.__kernel_poly                          0x00005c70   Section        0  poly.o(i.__kernel_poly)
    i.__mathlib_dbl_divzero                  0x00005d1c   Section        0  dunder.o(i.__mathlib_dbl_divzero)
    i.__mathlib_dbl_infnan                   0x00005d2c   Section        0  dunder.o(i.__mathlib_dbl_infnan)
    i.__mathlib_dbl_invalid                  0x00005d32   Section        0  dunder.o(i.__mathlib_dbl_invalid)
    i.floor                                  0x00005d40   Section        0  floor.o(i.floor)
    i.log                                    0x00005e1c   Section        0  log.o(i.log)
    i.log10                                  0x00006178   Section        0  log10.o(i.log10)
    x$fpl$dadd                               0x0000625c   Section      336  daddsub_clz.o(x$fpl$dadd)
    _dadd1                                   0x0000626d   Thumb Code     0  daddsub_clz.o(x$fpl$dadd)
    x$fpl$dcheck1                            0x000063ac   Section       16  dcheck1.o(x$fpl$dcheck1)
    x$fpl$dcmpinf                            0x000063bc   Section       24  dcmpi.o(x$fpl$dcmpinf)
    x$fpl$ddiv                               0x000063d4   Section      688  ddiv.o(x$fpl$ddiv)
    ddiv_entry                               0x000063db   Thumb Code     0  ddiv.o(x$fpl$ddiv)
    x$fpl$deqf                               0x00006684   Section      120  deqf.o(x$fpl$deqf)
    x$fpl$dfix                               0x000066fc   Section       94  dfix.o(x$fpl$dfix)
    x$fpl$dflt                               0x0000675a   Section       46  dflt_clz.o(x$fpl$dflt)
    x$fpl$dfltu                              0x00006788   Section       38  dflt_clz.o(x$fpl$dfltu)
    x$fpl$dleqf                              0x000067b0   Section      120  dleqf.o(x$fpl$dleqf)
    x$fpl$dmul                               0x00006828   Section      340  dmul.o(x$fpl$dmul)
    x$fpl$dnaninf                            0x0000697c   Section      156  dnaninf.o(x$fpl$dnaninf)
    x$fpl$dretinf                            0x00006a18   Section       12  dretinf.o(x$fpl$dretinf)
    x$fpl$drleqf                             0x00006a24   Section      108  drleqf.o(x$fpl$drleqf)
    x$fpl$drsb                               0x00006a90   Section       22  daddsub_clz.o(x$fpl$drsb)
    x$fpl$dsub                               0x00006aa8   Section      468  daddsub_clz.o(x$fpl$dsub)
    _dsub1                                   0x00006ab9   Thumb Code     0  daddsub_clz.o(x$fpl$dsub)
    x$fpl$retnan                             0x00006c7c   Section      100  retnan.o(x$fpl$retnan)
    x$fpl$scalbn                             0x00006ce0   Section       92  scalbn.o(x$fpl$scalbn)
    x$fpl$trapveneer                         0x00006d3c   Section       48  trapv.o(x$fpl$trapveneer)
    .constdata                               0x00006d6c   Section     1520  asciilib.o(.constdata)
    x$fpl$usenofp                            0x00006d6c   Section        0  usenofp.o(x$fpl$usenofp)
    AsciiLib                                 0x00006d6c   Data        1520  asciilib.o(.constdata)
    .constdata                               0x00007360   Section       56  log.o(.constdata)
    Lg2                                      0x00007360   Data          24  log.o(.constdata)
    Lg                                       0x00007378   Data          32  log.o(.constdata)
    .constdata                               0x00007398   Section        8  qnan.o(.constdata)
    STACK                                    0x10000000   Section      512  startup_lpc17xx.o(STACK)
    Stack_Mem                                0x10000000   Data         512  startup_lpc17xx.o(STACK)
    __initial_sp                             0x10000200   Data           0  startup_lpc17xx.o(STACK)
    .data                                    0x2007c000   Section       14  game.o(.data)
    score1Hidden                             0x2007c00d   Data           1  game.o(.data)
    .data                                    0x2007c00e   Section        1  glcd.o(.data)
    LCD_Code                                 0x2007c00e   Data           1  glcd.o(.data)
    .data                                    0x2007c00f   Section        4  irq_rit.o(.data)
    .data                                    0x2007c014   Section       96  irq_timer.o(.data)
    ticks                                    0x2007c070   Data           4  irq_timer.o(.data)
    .data                                    0x2007c074   Section        8  irq_adc.o(.data)
    .data                                    0x2007c07c   Section        1  lib_led.o(.data)
    .data                                    0x2007c080   Section        5  system_lpc17xx.o(.data)
    .bss                                     0x2007c088   Section       40  game.o(.bss)
    .bss                                     0x2007c0b0   Section       96  libspace.o(.bss)
    HEAP                                     0x2007c110   Section        0  startup_lpc17xx.o(HEAP)
    Heap_Mem                                 0x2007c110   Data           0  startup_lpc17xx.o(HEAP)

    Global Symbols

    Symbol Name                              Value     Ov Type        Size  Object(Section)

    BuildAttributes$$THM_ISAv4$P$D$K$B$S$PE$A:L22UL41UL21$X:L11$S22US41US21$IEEE1$IW$USESV6$~STKCKD$USESV7$~SHL$OTIME$ROPI$IEEEX$EBA8$UX$STANDARDLIB$REQ8$PRES8$EABIv2 0x00000000   Number         0  anon$$obj.o ABSOLUTE
    __ARM_use_no_argv                        0x00000000   Number         0  sample.o ABSOLUTE
    __Vectors                                0x00000000   Data           4  startup_lpc17xx.o(RESET)
    __ARM_exceptions_init                     - Undefined Weak Reference
    __alloca_initialize                       - Undefined Weak Reference
    __arm_fini_                               - Undefined Weak Reference
    __arm_preinit_                            - Undefined Weak Reference
    __cpp_initialize__aeabi_                  - Undefined Weak Reference
    __cxa_finalize                            - Undefined Weak Reference
    __rt_locale                               - Undefined Weak Reference
    __sigvec_lookup                           - Undefined Weak Reference
    _atexit_init                              - Undefined Weak Reference
    _call_atexit_fns                          - Undefined Weak Reference
    _clock_init                               - Undefined Weak Reference
    _fp_trap_init                             - Undefined Weak Reference
    _fp_trap_shutdown                         - Undefined Weak Reference
    _get_lc_collate                           - Undefined Weak Reference
    _get_lc_ctype                             - Undefined Weak Reference
    _get_lc_monetary                          - Undefined Weak Reference
    _get_lc_numeric                           - Undefined Weak Reference
    _get_lc_time                              - Undefined Weak Reference
    _getenv_init                              - Undefined Weak Reference
    _handle_redirection                       - Undefined Weak Reference
    _init_alloc                               - Undefined Weak Reference
    _init_user_alloc                          - Undefined Weak Reference
    _initio                                   - Undefined Weak Reference
    _printf_post_padding                      - Undefined Weak Reference
    _printf_pre_padding                       - Undefined Weak Reference
    _printf_truncate_signed                   - Undefined Weak Reference
    _printf_truncate_unsigned                 - Undefined Weak Reference
    _rand_init                                - Undefined Weak Reference
    _signal_finish                            - Undefined Weak Reference
    _signal_init                              - Undefined Weak Reference
    _terminate_alloc                          - Undefined Weak Reference
    _terminate_user_alloc                     - Undefined Weak Reference
    _terminateio                              - Undefined Weak Reference
    __main                                   0x000000cd   Thumb Code     8  __main.o(!!!main)
    __scatterload                            0x000000d5   Thumb Code     0  __scatter.o(!!!scatter)
    __scatterload_rt2                        0x000000d5   Thumb Code    44  __scatter.o(!!!scatter)
    __scatterload_rt2_thumb_only             0x000000d5   Thumb Code     0  __scatter.o(!!!scatter)
    __scatterload_null                       0x000000e3   Thumb Code     0  __scatter.o(!!!scatter)
    __scatterload_copy                       0x00000109   Thumb Code    26  __scatter_copy.o(!!handler_copy)
    __scatterload_zeroinit                   0x00000125   Thumb Code    28  __scatter_zi.o(!!handler_zi)
    _printf_percent                          0x00000141   Thumb Code     0  _printf_percent.o(.ARM.Collect$$_printf_percent$$00000000)
    _printf_u                                0x00000141   Thumb Code     0  _printf_u.o(.ARM.Collect$$_printf_percent$$0000000A)
    _printf_percent_end                      0x00000147   Thumb Code     0  _printf_percent_end.o(.ARM.Collect$$_printf_percent$$00000017)
    __rt_lib_init                            0x0000014b   Thumb Code     0  libinit.o(.ARM.Collect$$libinit$$00000000)
    __rt_lib_init_alloca_1                   0x0000014d   Thumb Code     0  libinit2.o(.ARM.Collect$$libinit$$0000002E)
    __rt_lib_init_argv_1                     0x0000014d   Thumb Code     0  libinit2.o(.ARM.Collect$$libinit$$0000002C)
    __rt_lib_init_atexit_1                   0x0000014d   Thumb Code     0  libinit2.o(.ARM.Collect$$libinit$$0000001B)
    __rt_lib_init_clock_1                    0x0000014d   Thumb Code     0  libinit2.o(.ARM.Collect$$libinit$$00000021)
    __rt_lib_init_cpp_1                      0x0000014d   Thumb Code     0  libinit2.o(.ARM.Collect$$libinit$$00000032)
    __rt_lib_init_exceptions_1               0x0000014d   Thumb Code     0  libinit2.o(.ARM.Collect$$libinit$$00000030)
    __rt_lib_init_fp_1                       0x0000014d   Thumb Code     0  libinit2.o(.ARM.Collect$$libinit$$00000002)
    __rt_lib_init_fp_trap_1                  0x0000014d   Thumb Code     0  libinit2.o(.ARM.Collect$$libinit$$0000001F)
    __rt_lib_init_getenv_1                   0x0000014d   Thumb Code     0  libinit2.o(.ARM.Collect$$libinit$$00000023)
    __rt_lib_init_heap_1                     0x0000014d   Thumb Code     0  libinit2.o(.ARM.Collect$$libinit$$0000000A)
    __rt_lib_init_lc_collate_1               0x0000014d   Thumb Code     0  libinit2.o(.ARM.Collect$$libinit$$00000011)
    __rt_lib_init_lc_ctype_1                 0x0000014d   Thumb Code     0  libinit2.o(.ARM.Collect$$libinit$$00000013)
    __rt_lib_init_lc_monetary_1              0x0000014d   Thumb Code     0  libinit2.o(.ARM.Collect$$libinit$$00000015)
    __rt_lib_init_lc_numeric_1               0x0000014d   Thumb Code     0  libinit2.o(.ARM.Collect$$libinit$$00000017)
    __rt_lib_init_lc_time_1                  0x0000014d   Thumb Code     0  libinit2.o(.ARM.Collect$$libinit$$00000019)
    __rt_lib_init_preinit_1                  0x0000014d   Thumb Code     0  libinit2.o(.ARM.Collect$$libinit$$00000004)
    __rt_lib_init_rand_1                     0x0000014d   Thumb Code     0  libinit2.o(.ARM.Collect$$libinit$$0000000E)
    __rt_lib_init_return                     0x0000014d   Thumb Code     0  libinit2.o(.ARM.Collect$$libinit$$00000033)
    __rt_lib_init_signal_1                   0x0000014d   Thumb Code     0  libinit2.o(.ARM.Collect$$libinit$$0000001D)
    __rt_lib_init_stdio_1                    0x0000014d   Thumb Code     0  libinit2.o(.ARM.Collect$$libinit$$00000025)
    __rt_lib_init_user_alloc_1               0x0000014d   Thumb Code     0  libinit2.o(.ARM.Collect$$libinit$$0000000C)
    __rt_lib_shutdown                        0x0000014f   Thumb Code     0  libshutdown.o(.ARM.Collect$$libshutdown$$00000000)
    __rt_lib_shutdown_cpp_1                  0x00000151   Thumb Code     0  libshutdown2.o(.ARM.Collect$$libshutdown$$00000004)
    __rt_lib_shutdown_fini_1                 0x00000151   Thumb Code     0  libshutdown2.o(.ARM.Collect$$libshutdown$$00000002)
    __rt_lib_shutdown_fp_trap_1              0x00000151   Thumb Code     0  libshutdown2.o(.ARM.Collect$$libshutdown$$00000009)
    __rt_lib_shutdown_heap_1                 0x00000151   Thumb Code     0  libshutdown2.o(.ARM.Collect$$libshutdown$$00000011)
    __rt_lib_shutdown_return                 0x00000151   Thumb Code     0  libshutdown2.o(.ARM.Collect$$libshutdown$$00000012)
    __rt_lib_shutdown_signal_1               0x00000151   Thumb Code     0  libshutdown2.o(.ARM.Collect$$libshutdown$$0000000C)
    __rt_lib_shutdown_stdio_1                0x00000151   Thumb Code     0  libshutdown2.o(.ARM.Collect$$libshutdown$$00000006)
    __rt_lib_shutdown_user_alloc_1           0x00000151   Thumb Code     0  libshutdown2.o(.ARM.Collect$$libshutdown$$0000000E)
    __rt_entry                               0x00000153   Thumb Code     0  __rtentry.o(.ARM.Collect$$rtentry$$00000000)
    __rt_entry_presh_1                       0x00000153   Thumb Code     0  __rtentry2.o(.ARM.Collect$$rtentry$$00000002)
    __rt_entry_sh                            0x00000153   Thumb Code     0  __rtentry4.o(.ARM.Collect$$rtentry$$00000004)
    __rt_entry_li                            0x00000159   Thumb Code     0  __rtentry2.o(.ARM.Collect$$rtentry$$0000000A)
    __rt_entry_postsh_1                      0x00000159   Thumb Code     0  __rtentry2.o(.ARM.Collect$$rtentry$$00000009)
    __rt_entry_main                          0x0000015d   Thumb Code     0  __rtentry2.o(.ARM.Collect$$rtentry$$0000000D)
    __rt_entry_postli_1                      0x0000015d   Thumb Code     0  __rtentry2.o(.ARM.Collect$$rtentry$$0000000C)
    __rt_exit                                0x00000165   Thumb Code     0  rtexit.o(.ARM.Collect$$rtexit$$00000000)
    __rt_exit_ls                             0x00000167   Thumb Code     0  rtexit2.o(.ARM.Collect$$rtexit$$00000003)
    __rt_exit_prels_1                        0x00000167   Thumb Code     0  rtexit2.o(.ARM.Collect$$rtexit$$00000002)
    __rt_exit_exit                           0x0000016b   Thumb Code     0  rtexit2.o(.ARM.Collect$$rtexit$$00000004)
    main                                     0x00000171   Thumb Code   108  sample.o(.text)
    GetASCIICode                             0x000001f1   Thumb Code    26  asciilib.o(.text)
    EINT0_IRQHandler                         0x0000022f   Thumb Code    52  irq_button.o(.text)
    EINT1_IRQHandler                         0x00000263   Thumb Code    52  irq_button.o(.text)
    EINT2_IRQHandler                         0x00000297   Thumb Code    62  irq_button.o(.text)
    __use_two_region_memory                  0x000002f5   Thumb Code     2  heapauxi.o(.text)
    __rt_heap_escrow$2region                 0x000002f7   Thumb Code     2  heapauxi.o(.text)
    __rt_heap_expand$2region                 0x000002f9   Thumb Code     2  heapauxi.o(.text)
    __I$use$semihosting                      0x000002fb   Thumb Code     0  use_no_semi.o(.text)
    __use_no_semihosting_swi                 0x000002fb   Thumb Code     2  use_no_semi.o(.text)
    DrawWalls                                0x00000301   Thumb Code   166  game.o(.text)
    DrawPaddle                               0x000003a7   Thumb Code    52  game.o(.text)
    DrawBall                                 0x000003db   Thumb Code    52  game.o(.text)
    DrawScore                                0x0000040f   Thumb Code   126  game.o(.text)
    GameOver                                 0x0000048d   Thumb Code   106  game.o(.text)
    UpdateScore                              0x000004f7   Thumb Code   100  game.o(.text)
    SetPaddle                                0x0000055b   Thumb Code    90  game.o(.text)
    SetPaddle1Speed                          0x000005b5   Thumb Code     6  game.o(.text)
    SetBall                                  0x000005bb   Thumb Code    50  game.o(.text)
    MovePaddle                               0x000005ed   Thumb Code   638  game.o(.text)
    MoveBall                                 0x0000086b   Thumb Code   754  game.o(.text)
    HitSound                                 0x00000b5d   Thumb Code    40  game.o(.text)
    GameReset                                0x00000b85   Thumb Code   134  game.o(.text)
    GameStart                                0x00000c0b   Thumb Code   114  game.o(.text)
    GamePause                                0x00000c7d   Thumb Code   126  game.o(.text)
    CollisionCheck                           0x00000cfb   Thumb Code   666  game.o(.text)
    LCD_Initialization                       0x0000153f   Thumb Code 12014  glcd.o(.text)
    LCD_Clear                                0x0000442d   Thumb Code  1520  glcd.o(.text)
    LCD_GetPoint                             0x00004a37   Thumb Code   994  glcd.o(.text)
    LCD_SetPoint                             0x00004e19   Thumb Code   206  glcd.o(.text)
    LCD_DrawLine                             0x00004ee7   Thumb Code   250  glcd.o(.text)
    PutChar                                  0x00004fe1   Thumb Code   100  glcd.o(.text)
    PutCharUpsideDown                        0x00005045   Thumb Code   100  glcd.o(.text)
    GUI_Text                                 0x000050a9   Thumb Code    86  glcd.o(.text)
    GUI_Text_Upside_Down                     0x000050ff   Thumb Code    80  glcd.o(.text)
    BUTTON_init                              0x00005193   Thumb Code   124  lib_button.o(.text)
    RIT_IRQHandler                           0x00005247   Thumb Code   286  irq_rit.o(.text)
    enable_RIT                               0x00005381   Thumb Code    14  lib_rit.o(.text)
    disable_RIT                              0x0000538f   Thumb Code    14  lib_rit.o(.text)
    reset_RIT                                0x0000539d   Thumb Code     8  lib_rit.o(.text)
    init_RIT                                 0x000053a5   Thumb Code    98  lib_rit.o(.text)
    TIMER0_IRQHandler                        0x00005415   Thumb Code    28  irq_timer.o(.text)
    TIMER1_IRQHandler                        0x00005431   Thumb Code    60  irq_timer.o(.text)
    enable_timer                             0x0000549f   Thumb Code    20  lib_timer.o(.text)
    disable_timer                            0x000054b3   Thumb Code    20  lib_timer.o(.text)
    reset_timer                              0x000054c7   Thumb Code    30  lib_timer.o(.text)
    init_timer                               0x000054e5   Thumb Code    60  lib_timer.o(.text)
    ADC_IRQHandler                           0x00005525   Thumb Code   156  irq_adc.o(.text)
    ADC_init                                 0x000055d1   Thumb Code    76  lib_adc.o(.text)
    ADC_start_conversion                     0x0000561d   Thumb Code    14  lib_adc.o(.text)
    LED_init                                 0x0000563d   Thumb Code    36  lib_led.o(.text)
    LED_deinit                               0x00005661   Thumb Code    14  lib_led.o(.text)
    Reset_Handler                            0x0000567d   Thumb Code     4  startup_lpc17xx.o(.text)
    NMI_Handler                              0x00005681   Thumb Code     2  startup_lpc17xx.o(.text)
    HardFault_Handler                        0x00005683   Thumb Code     2  startup_lpc17xx.o(.text)
    MemManage_Handler                        0x00005685   Thumb Code     2  startup_lpc17xx.o(.text)
    BusFault_Handler                         0x00005687   Thumb Code     2  startup_lpc17xx.o(.text)
    UsageFault_Handler                       0x00005689   Thumb Code     2  startup_lpc17xx.o(.text)
    SVC_Handler                              0x0000568b   Thumb Code     2  startup_lpc17xx.o(.text)
    DebugMon_Handler                         0x0000568d   Thumb Code     2  startup_lpc17xx.o(.text)
    PendSV_Handler                           0x0000568f   Thumb Code     2  startup_lpc17xx.o(.text)
    SysTick_Handler                          0x00005691   Thumb Code     2  startup_lpc17xx.o(.text)
    BOD_IRQHandler                           0x00005693   Thumb Code     0  startup_lpc17xx.o(.text)
    CANActivity_IRQHandler                   0x00005693   Thumb Code     0  startup_lpc17xx.o(.text)
    CAN_IRQHandler                           0x00005693   Thumb Code     0  startup_lpc17xx.o(.text)
    DMA_IRQHandler                           0x00005693   Thumb Code     0  startup_lpc17xx.o(.text)
    EINT3_IRQHandler                         0x00005693   Thumb Code     0  startup_lpc17xx.o(.text)
    ENET_IRQHandler                          0x00005693   Thumb Code     0  startup_lpc17xx.o(.text)
    I2C0_IRQHandler                          0x00005693   Thumb Code     0  startup_lpc17xx.o(.text)
    I2C1_IRQHandler                          0x00005693   Thumb Code     0  startup_lpc17xx.o(.text)
    I2C2_IRQHandler                          0x00005693   Thumb Code     0  startup_lpc17xx.o(.text)
    I2S_IRQHandler                           0x00005693   Thumb Code     0  startup_lpc17xx.o(.text)
    MCPWM_IRQHandler                         0x00005693   Thumb Code     0  startup_lpc17xx.o(.text)
    PLL0_IRQHandler                          0x00005693   Thumb Code     0  startup_lpc17xx.o(.text)
    PLL1_IRQHandler                          0x00005693   Thumb Code     0  startup_lpc17xx.o(.text)
    PWM1_IRQHandler                          0x00005693   Thumb Code     0  startup_lpc17xx.o(.text)
    QEI_IRQHandler                           0x00005693   Thumb Code     0  startup_lpc17xx.o(.text)
    RTC_IRQHandler                           0x00005693   Thumb Code     0  startup_lpc17xx.o(.text)
    SPI_IRQHandler                           0x00005693   Thumb Code     0  startup_lpc17xx.o(.text)
    SSP0_IRQHandler                          0x00005693   Thumb Code     0  startup_lpc17xx.o(.text)
    SSP1_IRQHandler                          0x00005693   Thumb Code     0  startup_lpc17xx.o(.text)
    TIMER2_IRQHandler                        0x00005693   Thumb Code     0  startup_lpc17xx.o(.text)
    TIMER3_IRQHandler                        0x00005693   Thumb Code     0  startup_lpc17xx.o(.text)
    UART0_IRQHandler                         0x00005693   Thumb Code     0  startup_lpc17xx.o(.text)
    UART1_IRQHandler                         0x00005693   Thumb Code     0  startup_lpc17xx.o(.text)
    UART2_IRQHandler                         0x00005693   Thumb Code     0  startup_lpc17xx.o(.text)
    UART3_IRQHandler                         0x00005693   Thumb Code     0  startup_lpc17xx.o(.text)
    USBActivity_IRQHandler                   0x00005693   Thumb Code     0  startup_lpc17xx.o(.text)
    USB_IRQHandler                           0x00005693   Thumb Code     0  startup_lpc17xx.o(.text)
    WDT_IRQHandler                           0x00005693   Thumb Code     0  startup_lpc17xx.o(.text)
    __user_initial_stackheap                 0x00005695   Thumb Code     0  startup_lpc17xx.o(.text)
    SystemInit                               0x000056b1   Thumb Code   552  system_lpc17xx.o(.text)
    __2sprintf                               0x000058fd   Thumb Code    34  noretval__2sprintf.o(.text)
    __printf                                 0x00005925   Thumb Code   104  __printf.o(.text)
    _printf_int_dec                          0x0000598d   Thumb Code   104  _printf_dec.o(.text)
    __aeabi_memcpy                           0x00005a05   Thumb Code     0  rt_memcpy_v6.o(.text)
    __rt_memcpy                              0x00005a05   Thumb Code   138  rt_memcpy_v6.o(.text)
    _memcpy_lastbytes                        0x00005a6b   Thumb Code     0  rt_memcpy_v6.o(.text)
    __read_errno                             0x00005a8f   Thumb Code    10  _rserrno.o(.text)
    __set_errno                              0x00005a99   Thumb Code    12  _rserrno.o(.text)
    _printf_int_common                       0x00005aa5   Thumb Code   178  _printf_intcommon.o(.text)
    _printf_char_common                      0x00005b63   Thumb Code    32  _printf_char_common.o(.text)
    _sputc                                   0x00005b89   Thumb Code    10  _sputc.o(.text)
    __aeabi_memcpy4                          0x00005b93   Thumb Code     0  rt_memcpy_w.o(.text)
    __aeabi_memcpy8                          0x00005b93   Thumb Code     0  rt_memcpy_w.o(.text)
    __rt_memcpy_w                            0x00005b93   Thumb Code   100  rt_memcpy_w.o(.text)
    _memcpy_lastbytes_aligned                0x00005bdb   Thumb Code     0  rt_memcpy_w.o(.text)
    __aeabi_errno_addr                       0x00005bf9   Thumb Code     8  rt_errno_addr_intlibspace.o(.text)
    __errno$intlibspace                      0x00005bf9   Thumb Code     0  rt_errno_addr_intlibspace.o(.text)
    __rt_errno_addr$intlibspace              0x00005bf9   Thumb Code     0  rt_errno_addr_intlibspace.o(.text)
    __user_libspace                          0x00005c01   Thumb Code     8  libspace.o(.text)
    __user_perproc_libspace                  0x00005c01   Thumb Code     0  libspace.o(.text)
    __user_perthread_libspace                0x00005c01   Thumb Code     0  libspace.o(.text)
    __user_setup_stackheap                   0x00005c09   Thumb Code    74  sys_stackheap_outer.o(.text)
    exit                                     0x00005c53   Thumb Code    18  exit.o(.text)
    _sys_exit                                0x00005c65   Thumb Code     8  sys_exit.o(.text)
    __kernel_poly                            0x00005c71   Thumb Code   170  poly.o(i.__kernel_poly)
    __semihosting_library_function           0x00005c71   Thumb Code     0  indicate_semi.o(.text)
    __mathlib_dbl_divzero                    0x00005d1d   Thumb Code    12  dunder.o(i.__mathlib_dbl_divzero)
    __mathlib_dbl_infnan                     0x00005d2d   Thumb Code     6  dunder.o(i.__mathlib_dbl_infnan)
    __mathlib_dbl_invalid                    0x00005d33   Thumb Code    12  dunder.o(i.__mathlib_dbl_invalid)
    floor                                    0x00005d41   Thumb Code   204  floor.o(i.floor)
    log                                      0x00005e1d   Thumb Code   808  log.o(i.log)
    log10                                    0x00006179   Thumb Code   198  log10.o(i.log10)
    __aeabi_dadd                             0x0000625d   Thumb Code     0  daddsub_clz.o(x$fpl$dadd)
    _dadd                                    0x0000625d   Thumb Code   332  daddsub_clz.o(x$fpl$dadd)
    __fpl_dcheck_NaN1                        0x000063ad   Thumb Code    10  dcheck1.o(x$fpl$dcheck1)
    __fpl_dcmp_Inf                           0x000063bd   Thumb Code    24  dcmpi.o(x$fpl$dcmpinf)
    __aeabi_ddiv                             0x000063d5   Thumb Code     0  ddiv.o(x$fpl$ddiv)
    _ddiv                                    0x000063d5   Thumb Code   552  ddiv.o(x$fpl$ddiv)
    __aeabi_cdcmpeq                          0x00006685   Thumb Code     0  deqf.o(x$fpl$deqf)
    _dcmpeq                                  0x00006685   Thumb Code   120  deqf.o(x$fpl$deqf)
    __aeabi_d2iz                             0x000066fd   Thumb Code     0  dfix.o(x$fpl$dfix)
    _dfix                                    0x000066fd   Thumb Code    94  dfix.o(x$fpl$dfix)
    __aeabi_i2d                              0x0000675b   Thumb Code     0  dflt_clz.o(x$fpl$dflt)
    _dflt                                    0x0000675b   Thumb Code    46  dflt_clz.o(x$fpl$dflt)
    __aeabi_ui2d                             0x00006789   Thumb Code     0  dflt_clz.o(x$fpl$dfltu)
    _dfltu                                   0x00006789   Thumb Code    38  dflt_clz.o(x$fpl$dfltu)
    __aeabi_cdcmple                          0x000067b1   Thumb Code     0  dleqf.o(x$fpl$dleqf)
    _dcmple                                  0x000067b1   Thumb Code   120  dleqf.o(x$fpl$dleqf)
    __fpl_dcmple_InfNaN                      0x00006813   Thumb Code     0  dleqf.o(x$fpl$dleqf)
    __aeabi_dmul                             0x00006829   Thumb Code     0  dmul.o(x$fpl$dmul)
    _dmul                                    0x00006829   Thumb Code   332  dmul.o(x$fpl$dmul)
    __fpl_dnaninf                            0x0000697d   Thumb Code   156  dnaninf.o(x$fpl$dnaninf)
    __fpl_dretinf                            0x00006a19   Thumb Code    12  dretinf.o(x$fpl$dretinf)
    __aeabi_cdrcmple                         0x00006a25   Thumb Code     0  drleqf.o(x$fpl$drleqf)
    _drcmple                                 0x00006a25   Thumb Code   108  drleqf.o(x$fpl$drleqf)
    __aeabi_drsub                            0x00006a91   Thumb Code     0  daddsub_clz.o(x$fpl$drsb)
    _drsb                                    0x00006a91   Thumb Code    22  daddsub_clz.o(x$fpl$drsb)
    __aeabi_dsub                             0x00006aa9   Thumb Code     0  daddsub_clz.o(x$fpl$dsub)
    _dsub                                    0x00006aa9   Thumb Code   464  daddsub_clz.o(x$fpl$dsub)
    __fpl_return_NaN                         0x00006c7d   Thumb Code   100  retnan.o(x$fpl$retnan)
    __ARM_scalbn                             0x00006ce1   Thumb Code    92  scalbn.o(x$fpl$scalbn)
    __fpl_cmpreturn                          0x00006d3d   Thumb Code    48  trapv.o(x$fpl$trapveneer)
    __I$use$fp                               0x00006d6c   Number         0  usenofp.o(x$fpl$usenofp)
    __mathlib_zero                           0x00007398   Data           8  qnan.o(.constdata)
    Region$$Table$$Base                      0x000073a0   Number         0  anon$$obj.o(Region$$Table)
    Region$$Table$$Limit                     0x000073d0   Number         0  anon$$obj.o(Region$$Table)
    gameState                                0x2007c000   Data           1  game.o(.data)
    score1                                   0x2007c004   Data           4  game.o(.data)
    score2                                   0x2007c008   Data           4  game.o(.data)
    score2Hidden                             0x2007c00c   Data           1  game.o(.data)
    key1                                     0x2007c00f   Data           1  irq_rit.o(.data)
    key2                                     0x2007c010   Data           1  irq_rit.o(.data)
    int0                                     0x2007c011   Data           1  irq_rit.o(.data)
    buttonReleased                           0x2007c012   Data           1  irq_rit.o(.data)
    SinTable                                 0x2007c014   Data          90  irq_timer.o(.data)
    AD_current                               0x2007c074   Data           2  irq_adc.o(.data)
    AD_last                                  0x2007c076   Data           2  irq_adc.o(.data)
    potmeterValue                            0x2007c078   Data           4  irq_adc.o(.data)
    led_value                                0x2007c07c   Data           1  lib_led.o(.data)
    SystemFrequency                          0x2007c080   Data           4  system_lpc17xx.o(.data)
    ScaleFlag                                0x2007c084   Data           1  system_lpc17xx.o(.data)
    ball                                     0x2007c088   Data          16  game.o(.bss)
    paddle1                                  0x2007c098   Data          12  game.o(.bss)
    paddle2                                  0x2007c0a4   Data          12  game.o(.bss)
    __libspace_start                         0x2007c0b0   Data          96  libspace.o(.bss)
    __temporary_stack_top$libspace           0x2007c110   Data           0  libspace.o(.bss)



==============================================================================

Memory Map of the image

  Image Entry point : 0x000000cd

  Load Region LR_IROM1 (Base: 0x00000000, Size: 0x00007458, Max: 0x00080000, ABSOLUTE)

    Execution Region ER_IROM1 (Exec base: 0x00000000, Load base: 0x00000000, Size: 0x000073d0, Max: 0x00080000, ABSOLUTE)

    Exec Addr    Load Addr    Size         Type   Attr      Idx    E Section Name        Object

    0x00000000   0x00000000   0x000000cc   Data   RO          515    RESET               startup_lpc17xx.o
    0x000000cc   0x000000cc   0x00000008   Code   RO          596  * !!!main             c_w.l(__main.o)
    0x000000d4   0x000000d4   0x00000034   Code   RO          855    !!!scatter          c_w.l(__scatter.o)
    0x00000108   0x00000108   0x0000001a   Code   RO          857    !!handler_copy      c_w.l(__scatter_copy.o)
    0x00000122   0x00000122   0x00000002   PAD
    0x00000124   0x00000124   0x0000001c   Code   RO          859    !!handler_zi        c_w.l(__scatter_zi.o)
    0x00000140   0x00000140   0x00000000   Code   RO          591    .ARM.Collect$$_printf_percent$$00000000  c_w.l(_printf_percent.o)
    0x00000140   0x00000140   0x00000006   Code   RO          590    .ARM.Collect$$_printf_percent$$0000000A  c_w.l(_printf_u.o)
    0x00000146   0x00000146   0x00000004   Code   RO          629    .ARM.Collect$$_printf_percent$$00000017  c_w.l(_printf_percent_end.o)
    0x0000014a   0x0000014a   0x00000002   Code   RO          720    .ARM.Collect$$libinit$$00000000  c_w.l(libinit.o)
    0x0000014c   0x0000014c   0x00000000   Code   RO          728    .ARM.Collect$$libinit$$00000002  c_w.l(libinit2.o)
    0x0000014c   0x0000014c   0x00000000   Code   RO          730    .ARM.Collect$$libinit$$00000004  c_w.l(libinit2.o)
    0x0000014c   0x0000014c   0x00000000   Code   RO          733    .ARM.Collect$$libinit$$0000000A  c_w.l(libinit2.o)
    0x0000014c   0x0000014c   0x00000000   Code   RO          735    .ARM.Collect$$libinit$$0000000C  c_w.l(libinit2.o)
    0x0000014c   0x0000014c   0x00000000   Code   RO          737    .ARM.Collect$$libinit$$0000000E  c_w.l(libinit2.o)
    0x0000014c   0x0000014c   0x00000000   Code   RO          740    .ARM.Collect$$libinit$$00000011  c_w.l(libinit2.o)
    0x0000014c   0x0000014c   0x00000000   Code   RO          742    .ARM.Collect$$libinit$$00000013  c_w.l(libinit2.o)
    0x0000014c   0x0000014c   0x00000000   Code   RO          744    .ARM.Collect$$libinit$$00000015  c_w.l(libinit2.o)
    0x0000014c   0x0000014c   0x00000000   Code   RO          746    .ARM.Collect$$libinit$$00000017  c_w.l(libinit2.o)
    0x0000014c   0x0000014c   0x00000000   Code   RO          748    .ARM.Collect$$libinit$$00000019  c_w.l(libinit2.o)
    0x0000014c   0x0000014c   0x00000000   Code   RO          750    .ARM.Collect$$libinit$$0000001B  c_w.l(libinit2.o)
    0x0000014c   0x0000014c   0x00000000   Code   RO          752    .ARM.Collect$$libinit$$0000001D  c_w.l(libinit2.o)
    0x0000014c   0x0000014c   0x00000000   Code   RO          754    .ARM.Collect$$libinit$$0000001F  c_w.l(libinit2.o)
    0x0000014c   0x0000014c   0x00000000   Code   RO          756    .ARM.Collect$$libinit$$00000021  c_w.l(libinit2.o)
    0x0000014c   0x0000014c   0x00000000   Code   RO          758    .ARM.Collect$$libinit$$00000023  c_w.l(libinit2.o)
    0x0000014c   0x0000014c   0x00000000   Code   RO          760    .ARM.Collect$$libinit$$00000025  c_w.l(libinit2.o)
    0x0000014c   0x0000014c   0x00000000   Code   RO          764    .ARM.Collect$$libinit$$0000002C  c_w.l(libinit2.o)
    0x0000014c   0x0000014c   0x00000000   Code   RO          766    .ARM.Collect$$libinit$$0000002E  c_w.l(libinit2.o)
    0x0000014c   0x0000014c   0x00000000   Code   RO          768    .ARM.Collect$$libinit$$00000030  c_w.l(libinit2.o)
    0x0000014c   0x0000014c   0x00000000   Code   RO          770    .ARM.Collect$$libinit$$00000032  c_w.l(libinit2.o)
    0x0000014c   0x0000014c   0x00000002   Code   RO          771    .ARM.Collect$$libinit$$00000033  c_w.l(libinit2.o)
    0x0000014e   0x0000014e   0x00000002   Code   RO          793    .ARM.Collect$$libshutdown$$00000000  c_w.l(libshutdown.o)
    0x00000150   0x00000150   0x00000000   Code   RO          806    .ARM.Collect$$libshutdown$$00000002  c_w.l(libshutdown2.o)
    0x00000150   0x00000150   0x00000000   Code   RO          808    .ARM.Collect$$libshutdown$$00000004  c_w.l(libshutdown2.o)
    0x00000150   0x00000150   0x00000000   Code   RO          810    .ARM.Collect$$libshutdown$$00000006  c_w.l(libshutdown2.o)
    0x00000150   0x00000150   0x00000000   Code   RO          813    .ARM.Collect$$libshutdown$$00000009  c_w.l(libshutdown2.o)
    0x00000150   0x00000150   0x00000000   Code   RO          816    .ARM.Collect$$libshutdown$$0000000C  c_w.l(libshutdown2.o)
    0x00000150   0x00000150   0x00000000   Code   RO          818    .ARM.Collect$$libshutdown$$0000000E  c_w.l(libshutdown2.o)
    0x00000150   0x00000150   0x00000000   Code   RO          821    .ARM.Collect$$libshutdown$$00000011  c_w.l(libshutdown2.o)
    0x00000150   0x00000150   0x00000002   Code   RO          822    .ARM.Collect$$libshutdown$$00000012  c_w.l(libshutdown2.o)
    0x00000152   0x00000152   0x00000000   Code   RO          620    .ARM.Collect$$rtentry$$00000000  c_w.l(__rtentry.o)
    0x00000152   0x00000152   0x00000000   Code   RO          672    .ARM.Collect$$rtentry$$00000002  c_w.l(__rtentry2.o)
    0x00000152   0x00000152   0x00000006   Code   RO          684    .ARM.Collect$$rtentry$$00000004  c_w.l(__rtentry4.o)
    0x00000158   0x00000158   0x00000000   Code   RO          674    .ARM.Collect$$rtentry$$00000009  c_w.l(__rtentry2.o)
    0x00000158   0x00000158   0x00000004   Code   RO          675    .ARM.Collect$$rtentry$$0000000A  c_w.l(__rtentry2.o)
    0x0000015c   0x0000015c   0x00000000   Code   RO          677    .ARM.Collect$$rtentry$$0000000C  c_w.l(__rtentry2.o)
    0x0000015c   0x0000015c   0x00000008   Code   RO          678    .ARM.Collect$$rtentry$$0000000D  c_w.l(__rtentry2.o)
    0x00000164   0x00000164   0x00000002   Code   RO          725    .ARM.Collect$$rtexit$$00000000  c_w.l(rtexit.o)
    0x00000166   0x00000166   0x00000000   Code   RO          775    .ARM.Collect$$rtexit$$00000002  c_w.l(rtexit2.o)
    0x00000166   0x00000166   0x00000004   Code   RO          776    .ARM.Collect$$rtexit$$00000003  c_w.l(rtexit2.o)
    0x0000016a   0x0000016a   0x00000006   Code   RO          777    .ARM.Collect$$rtexit$$00000004  c_w.l(rtexit2.o)
    0x00000170   0x00000170   0x00000080   Code   RO            4    .text               sample.o
    0x000001f0   0x000001f0   0x00000020   Code   RO          118    .text               asciilib.o
    0x00000210   0x00000210   0x000000e4   Code   RO          184    .text               irq_button.o
    0x000002f4   0x000002f4   0x00000006   Code   RO          594    .text               c_w.l(heapauxi.o)
    0x000002fa   0x000002fa   0x00000002   Code   RO          796    .text               c_w.l(use_no_semi.o)
    0x000002fc   0x000002fc   0x00000004   Code   RO          516    .ARM.__at_0x02FC    startup_lpc17xx.o
    0x00000300   0x00000300   0x00000cb4   Code   RO           76    .text               game.o
    0x00000fb4   0x00000fb4   0x0000419a   Code   RO          138    .text               glcd.o
    0x0000514e   0x0000514e   0x00000002   PAD
    0x00005150   0x00005150   0x000000d4   Code   RO          228    .text               lib_button.o
    0x00005224   0x00005224   0x0000015c   Code   RO          256    .text               irq_rit.o
    0x00005380   0x00005380   0x00000094   Code   RO          299    .text               lib_rit.o
    0x00005414   0x00005414   0x00000068   Code   RO          327    .text               irq_timer.o
    0x0000547c   0x0000547c   0x000000a8   Code   RO          374    .text               lib_timer.o
    0x00005524   0x00005524   0x000000ac   Code   RO          398    .text               irq_adc.o
    0x000055d0   0x000055d0   0x0000006c   Code   RO          437    .text               lib_adc.o
    0x0000563c   0x0000563c   0x00000040   Code   RO          489    .text               lib_led.o
    0x0000567c   0x0000567c   0x00000034   Code   RO          517    .text               startup_lpc17xx.o
    0x000056b0   0x000056b0   0x0000024c   Code   RO          536    .text               system_lpc17xx.o
    0x000058fc   0x000058fc   0x00000028   Code   RO          564    .text               c_w.l(noretval__2sprintf.o)
    0x00005924   0x00005924   0x00000068   Code   RO          566    .text               c_w.l(__printf.o)
    0x0000598c   0x0000598c   0x00000078   Code   RO          568    .text               c_w.l(_printf_dec.o)
    0x00005a04   0x00005a04   0x0000008a   Code   RO          592    .text               c_w.l(rt_memcpy_v6.o)
    0x00005a8e   0x00005a8e   0x00000016   Code   RO          621    .text               c_w.l(_rserrno.o)
    0x00005aa4   0x00005aa4   0x000000b2   Code   RO          623    .text               c_w.l(_printf_intcommon.o)
    0x00005b56   0x00005b56   0x00000002   PAD
    0x00005b58   0x00005b58   0x00000030   Code   RO          625    .text               c_w.l(_printf_char_common.o)
    0x00005b88   0x00005b88   0x0000000a   Code   RO          627    .text               c_w.l(_sputc.o)
    0x00005b92   0x00005b92   0x00000064   Code   RO          630    .text               c_w.l(rt_memcpy_w.o)
    0x00005bf6   0x00005bf6   0x00000002   PAD
    0x00005bf8   0x00005bf8   0x00000008   Code   RO          689    .text               c_w.l(rt_errno_addr_intlibspace.o)
    0x00005c00   0x00005c00   0x00000008   Code   RO          708    .text               c_w.l(libspace.o)
    0x00005c08   0x00005c08   0x0000004a   Code   RO          711    .text               c_w.l(sys_stackheap_outer.o)
    0x00005c52   0x00005c52   0x00000012   Code   RO          713    .text               c_w.l(exit.o)
    0x00005c64   0x00005c64   0x0000000c   Code   RO          785    .text               c_w.l(sys_exit.o)
    0x00005c70   0x00005c70   0x00000000   Code   RO          798    .text               c_w.l(indicate_semi.o)
    0x00005c70   0x00005c70   0x000000aa   Code   RO          705    i.__kernel_poly     m_ws.l(poly.o)
    0x00005d1a   0x00005d1a   0x00000002   PAD
    0x00005d1c   0x00005d1c   0x00000010   Code   RO          647    i.__mathlib_dbl_divzero  m_ws.l(dunder.o)
    0x00005d2c   0x00005d2c   0x00000006   Code   RO          648    i.__mathlib_dbl_infnan  m_ws.l(dunder.o)
    0x00005d32   0x00005d32   0x0000000c   Code   RO          650    i.__mathlib_dbl_invalid  m_ws.l(dunder.o)
    0x00005d3e   0x00005d3e   0x00000002   PAD
    0x00005d40   0x00005d40   0x000000dc   Code   RO          609    i.floor             m_ws.l(floor.o)
    0x00005e1c   0x00005e1c   0x0000035c   Code   RO          662    i.log               m_ws.l(log.o)
    0x00006178   0x00006178   0x000000e4   Code   RO          613    i.log10             m_ws.l(log10.o)
    0x0000625c   0x0000625c   0x00000150   Code   RO          632    x$fpl$dadd          fz_ws.l(daddsub_clz.o)
    0x000063ac   0x000063ac   0x00000010   Code   RO          693    x$fpl$dcheck1       fz_ws.l(dcheck1.o)
    0x000063bc   0x000063bc   0x00000018   Code   RO          721    x$fpl$dcmpinf       fz_ws.l(dcmpi.o)
    0x000063d4   0x000063d4   0x000002b0   Code   RO          696    x$fpl$ddiv          fz_ws.l(ddiv.o)
    0x00006684   0x00006684   0x00000078   Code   RO          699    x$fpl$deqf          fz_ws.l(deqf.o)
    0x000066fc   0x000066fc   0x0000005e   Code   RO          598    x$fpl$dfix          fz_ws.l(dfix.o)
    0x0000675a   0x0000675a   0x0000002e   Code   RO          603    x$fpl$dflt          fz_ws.l(dflt_clz.o)
    0x00006788   0x00006788   0x00000026   Code   RO          602    x$fpl$dfltu         fz_ws.l(dflt_clz.o)
    0x000067ae   0x000067ae   0x00000002   PAD
    0x000067b0   0x000067b0   0x00000078   Code   RO          701    x$fpl$dleqf         fz_ws.l(dleqf.o)
    0x00006828   0x00006828   0x00000154   Code   RO          638    x$fpl$dmul          fz_ws.l(dmul.o)
    0x0000697c   0x0000697c   0x0000009c   Code   RO          640    x$fpl$dnaninf       fz_ws.l(dnaninf.o)
    0x00006a18   0x00006a18   0x0000000c   Code   RO          703    x$fpl$dretinf       fz_ws.l(dretinf.o)
    0x00006a24   0x00006a24   0x0000006c   Code   RO          642    x$fpl$drleqf        fz_ws.l(drleqf.o)
    0x00006a90   0x00006a90   0x00000016   Code   RO          633    x$fpl$drsb          fz_ws.l(daddsub_clz.o)
    0x00006aa6   0x00006aa6   0x00000002   PAD
    0x00006aa8   0x00006aa8   0x000001d4   Code   RO          634    x$fpl$dsub          fz_ws.l(daddsub_clz.o)
    0x00006c7c   0x00006c7c   0x00000064   Code   RO          723    x$fpl$retnan        fz_ws.l(retnan.o)
    0x00006ce0   0x00006ce0   0x0000005c   Code   RO          644    x$fpl$scalbn        fz_ws.l(scalbn.o)
    0x00006d3c   0x00006d3c   0x00000030   Code   RO          772    x$fpl$trapveneer    fz_ws.l(trapv.o)
    0x00006d6c   0x00006d6c   0x00000000   Code   RO          646    x$fpl$usenofp       fz_ws.l(usenofp.o)
    0x00006d6c   0x00006d6c   0x000005f0   Data   RO          119    .constdata          asciilib.o
    0x0000735c   0x0000735c   0x00000004   PAD
    0x00007360   0x00007360   0x00000038   Data   RO          663    .constdata          m_ws.l(log.o)
    0x00007398   0x00007398   0x00000008   Data   RO          707    .constdata          m_ws.l(qnan.o)
    0x000073a0   0x000073a0   0x00000030   Data   RO          853    Region$$Table       anon$$obj.o


    Execution Region RW_IRAM1 (Exec base: 0x10000000, Load base: 0x000073d0, Size: 0x00000200, Max: 0x00008000, ABSOLUTE)

    Exec Addr    Load Addr    Size         Type   Attr      Idx    E Section Name        Object

    0x10000000        -       0x00000200   Zero   RW          513    STACK               startup_lpc17xx.o


    Execution Region RW_IRAM2 (Exec base: 0x2007c000, Load base: 0x000073d0, Size: 0x00000110, Max: 0x00008000, ABSOLUTE)

    Exec Addr    Load Addr    Size         Type   Attr      Idx    E Section Name        Object

    0x2007c000   0x000073d0   0x0000000e   Data   RW           78    .data               game.o
    0x2007c00e   0x000073de   0x00000001   Data   RW          139    .data               glcd.o
    0x2007c00f   0x000073df   0x00000004   Data   RW          257    .data               irq_rit.o
    0x2007c013   0x000073e3   0x00000001   PAD
    0x2007c014   0x000073e4   0x00000060   Data   RW          328    .data               irq_timer.o
    0x2007c074   0x00007444   0x00000008   Data   RW          399    .data               irq_adc.o
    0x2007c07c   0x0000744c   0x00000001   Data   RW          490    .data               lib_led.o
    0x2007c07d   0x0000744d   0x00000003   PAD
    0x2007c080   0x00007450   0x00000005   Data   RW          537    .data               system_lpc17xx.o
    0x2007c085   0x00007455   0x00000003   PAD
    0x2007c088        -       0x00000028   Zero   RW           77    .bss                game.o
    0x2007c0b0        -       0x00000060   Zero   RW          709    .bss                c_w.l(libspace.o)
    0x2007c110        -       0x00000000   Zero   RW          514    HEAP                startup_lpc17xx.o


==============================================================================

Image component sizes


      Code (inc. data)   RO Data    RW Data    ZI Data      Debug   Object Name

        32          6       1520          0          0       1043   asciilib.o
      3252        168          0         14         40       6247   game.o
     16794        106          0          1          0      41038   glcd.o
       172         24          0          8          0        828   irq_adc.o
       228         32          0          0          0      17841   irq_button.o
       348         28          0          4          0       1565   irq_rit.o
       104         16          0         96          0       2063   irq_timer.o
       108         18          0          0          0        748   lib_adc.o
       212         22          0          0          0        938   lib_button.o
        64         14          0          1          0        738   lib_led.o
       148         14          0          0          0      27483   lib_rit.o
       168          4          0          0          0       1412   lib_timer.o
       128         20          0          0          0       5011   sample.o
        56         22        204          0        512        984   startup_lpc17xx.o
       588         36          0          5          0        917   system_lpc17xx.o

    ----------------------------------------------------------------------
     22404        530       1776        136        552     108856   Object Totals
         0          0         48          0          0          0   (incl. Generated)
         2          0          4          7          0          0   (incl. Padding)

    ----------------------------------------------------------------------

      Code (inc. data)   RO Data    RW Data    ZI Data      Debug   Library Member Name

         8          0          0          0          0         68   __main.o
       104          0          0          0          0         84   __printf.o
         0          0          0          0          0          0   __rtentry.o
        12          0          0          0          0          0   __rtentry2.o
         6          0          0          0          0          0   __rtentry4.o
        52          8          0          0          0          0   __scatter.o
        26          0          0          0          0          0   __scatter_copy.o
        28          0          0          0          0          0   __scatter_zi.o
        48          6          0          0          0         96   _printf_char_common.o
       120         16          0          0          0         92   _printf_dec.o
       178          0          0          0          0         88   _printf_intcommon.o
         0          0          0          0          0          0   _printf_percent.o
         4          0          0          0          0          0   _printf_percent_end.o
         6          0          0          0          0          0   _printf_u.o
        22          0          0          0          0        100   _rserrno.o
        10          0          0          0          0         68   _sputc.o
        18          0          0          0          0         80   exit.o
         6          0          0          0          0        152   heapauxi.o
         0          0          0          0          0          0   indicate_semi.o
         2          0          0          0          0          0   libinit.o
         2          0          0          0          0          0   libinit2.o
         2          0          0          0          0          0   libshutdown.o
         2          0          0          0          0          0   libshutdown2.o
         8          4          0          0         96         68   libspace.o
        40          6          0          0          0         84   noretval__2sprintf.o
         8          4          0          0          0         68   rt_errno_addr_intlibspace.o
       138          0          0          0          0         68   rt_memcpy_v6.o
       100          0          0          0          0         80   rt_memcpy_w.o
         2          0          0          0          0          0   rtexit.o
        10          0          0          0          0          0   rtexit2.o
        12          4          0          0          0         68   sys_exit.o
        74          0          0          0          0         80   sys_stackheap_outer.o
         2          0          0          0          0         68   use_no_semi.o
       826         16          0          0          0        348   daddsub_clz.o
        16          4          0          0          0         68   dcheck1.o
        24          0          0          0          0         68   dcmpi.o
       688        140          0          0          0        208   ddiv.o
       120          4          0          0          0         92   deqf.o
        94          4          0          0          0         92   dfix.o
        84          0          0          0          0        136   dflt_clz.o
       120          4          0          0          0         92   dleqf.o
       340         12          0          0          0        104   dmul.o
       156          4          0          0          0         92   dnaninf.o
        12          0          0          0          0         68   dretinf.o
       108          0          0          0          0         80   drleqf.o
       100          0          0          0          0         68   retnan.o
        92          0          0          0          0         68   scalbn.o
        48          0          0          0          0         68   trapv.o
         0          0          0          0          0          0   usenofp.o
        34          4          0          0          0        204   dunder.o
       220         16          0          0          0         84   floor.o
       860         52         56          0          0        256   log.o
       228         30          0          0          0        120   log10.o
       170          0          0          0          0         96   poly.o
         0          0          8          0          0          0   qnan.o

    ----------------------------------------------------------------------
      5404        338         64          0         96       3824   Library Totals
        14          0          0          0          0          0   (incl. Padding)

    ----------------------------------------------------------------------

      Code (inc. data)   RO Data    RW Data    ZI Data      Debug   Library Name

      1050         48          0          0         96       1412   c_w.l
      2828        188          0          0          0       1652   fz_ws.l
      1512        102         64          0          0        760   m_ws.l

    ----------------------------------------------------------------------
      5404        338         64          0         96       3824   Library Totals

    ----------------------------------------------------------------------

==============================================================================


      Code (inc. data)   RO Data    RW Data    ZI Data      Debug   

     27808        868       1840        136        648     109920   Grand Totals
     27808        868       1840        136        648     109920   ELF Image Totals
     27808        868       1840        136          0          0   ROM Totals

==============================================================================

    Total RO  Size (Code + RO Data)                29648 (  28.95kB)
    Total RW  Size (RW Data + ZI Data)               784 (   0.77kB)
    Total ROM Size (Code + RO Data + RW Data)      29784 (  29.09kB)

==============================================================================

